Archive member included because of file (symbol)

.\ARM_GCC_493\Debug\PSoC_2_Pi.a(cyfitter_cfg.o)
                              .\ARM_GCC_493\Debug\Cm3Start.o (cyfitter_cfg)
.\ARM_GCC_493\Debug\PSoC_2_Pi.a(PWM_CLK_1.o)
                              .\ARM_GCC_493\Debug\mem1.o (PWM_CLK_1_SetDividerRegister)
.\ARM_GCC_493\Debug\PSoC_2_Pi.a(PWM_1.o)
                              .\ARM_GCC_493\Debug\mem1.o (PWM_1_Start)
.\ARM_GCC_493\Debug\PSoC_2_Pi.a(PWM_1_PM.o)
                              .\ARM_GCC_493\Debug\mem1.o (PWM_1_Sleep)
.\ARM_GCC_493\Debug\PSoC_2_Pi.a(PWM_2.o)
                              .\ARM_GCC_493\Debug\mem1.o (PWM_2_Start)
.\ARM_GCC_493\Debug\PSoC_2_Pi.a(PWM_2_PM.o)
                              .\ARM_GCC_493\Debug\mem1.o (PWM_2_Sleep)
.\ARM_GCC_493\Debug\PSoC_2_Pi.a(IDAC8_1.o)
                              .\ARM_GCC_493\Debug\mem1.o (IDAC8_1_SetSpeed)
.\ARM_GCC_493\Debug\PSoC_2_Pi.a(IDAC8_1_PM.o)
                              .\ARM_GCC_493\Debug\mem1.o (IDAC8_1_Sleep)
.\ARM_GCC_493\Debug\PSoC_2_Pi.a(VDAC8_1.o)
                              .\ARM_GCC_493\Debug\mem1.o (VDAC8_1_SetRange)
.\ARM_GCC_493\Debug\PSoC_2_Pi.a(VDAC8_1_PM.o)
                              .\ARM_GCC_493\Debug\mem1.o (VDAC8_1_Sleep)
.\ARM_GCC_493\Debug\PSoC_2_Pi.a(CapSense_1.o)
                              .\ARM_GCC_493\Debug\mem1.o (CapSense_1_Start)
.\ARM_GCC_493\Debug\PSoC_2_Pi.a(CapSense_1_CSHL.o)
                              .\ARM_GCC_493\Debug\mem1.o (CapSense_1_InitializeAllBaselines)
.\ARM_GCC_493\Debug\PSoC_2_Pi.a(CapSense_1_INT.o)
                              .\ARM_GCC_493\Debug\PSoC_2_Pi.a(CapSense_1.o) (CapSense_1_IsrCH0_ISR)
.\ARM_GCC_493\Debug\PSoC_2_Pi.a(CapSense_1_PM.o)
                              .\ARM_GCC_493\Debug\mem1.o (CapSense_1_Sleep)
.\ARM_GCC_493\Debug\PSoC_2_Pi.a(PWM_7.o)
                              .\ARM_GCC_493\Debug\mem1.o (PWM_7_Start)
.\ARM_GCC_493\Debug\PSoC_2_Pi.a(PWM_7_PM.o)
                              .\ARM_GCC_493\Debug\mem1.o (PWM_7_Sleep)
.\ARM_GCC_493\Debug\PSoC_2_Pi.a(GPIO_5_2.o)
                              .\ARM_GCC_493\Debug\mem1.o (GPIO_5_2_Write)
.\ARM_GCC_493\Debug\PSoC_2_Pi.a(GPIO_5_3.o)
                              .\ARM_GCC_493\Debug\mem1.o (GPIO_5_3_Write)
.\ARM_GCC_493\Debug\PSoC_2_Pi.a(GPIO_5_4.o)
                              .\ARM_GCC_493\Debug\mem1.o (GPIO_5_4_Write)
.\ARM_GCC_493\Debug\PSoC_2_Pi.a(GPIO_5_5.o)
                              .\ARM_GCC_493\Debug\mem1.o (GPIO_5_5_Write)
.\ARM_GCC_493\Debug\PSoC_2_Pi.a(GPIO_5_1.o)
                              .\ARM_GCC_493\Debug\mem1.o (GPIO_5_1_Write)
.\ARM_GCC_493\Debug\PSoC_2_Pi.a(GPIO_12_6.o)
                              .\ARM_GCC_493\Debug\mem1.o (GPIO_12_6_Write)
.\ARM_GCC_493\Debug\PSoC_2_Pi.a(GPIO_12_7.o)
                              .\ARM_GCC_493\Debug\mem1.o (GPIO_12_7_Write)
.\ARM_GCC_493\Debug\PSoC_2_Pi.a(GPIO_2_1.o)
                              .\ARM_GCC_493\Debug\mem1.o (GPIO_2_1_Write)
.\ARM_GCC_493\Debug\PSoC_2_Pi.a(GPIO_2_7.o)
                              .\ARM_GCC_493\Debug\mem1.o (GPIO_2_7_Write)
.\ARM_GCC_493\Debug\PSoC_2_Pi.a(GPIO_2_6.o)
                              .\ARM_GCC_493\Debug\mem1.o (GPIO_2_6_Write)
.\ARM_GCC_493\Debug\PSoC_2_Pi.a(GPIO_2_2.o)
                              .\ARM_GCC_493\Debug\mem1.o (GPIO_2_2_Write)
.\ARM_GCC_493\Debug\PSoC_2_Pi.a(GPIO_12_0.o)
                              .\ARM_GCC_493\Debug\mem1.o (GPIO_12_0_Write)
.\ARM_GCC_493\Debug\PSoC_2_Pi.a(GPIO_2_5.o)
                              .\ARM_GCC_493\Debug\mem1.o (GPIO_2_5_Write)
.\ARM_GCC_493\Debug\PSoC_2_Pi.a(GPIO_12_2.o)
                              .\ARM_GCC_493\Debug\mem1.o (GPIO_12_2_Write)
.\ARM_GCC_493\Debug\PSoC_2_Pi.a(GPIO_2_0.o)
                              .\ARM_GCC_493\Debug\mem1.o (GPIO_2_0_Write)
.\ARM_GCC_493\Debug\PSoC_2_Pi.a(GPIO_2_4.o)
                              .\ARM_GCC_493\Debug\mem1.o (GPIO_2_4_Write)
.\ARM_GCC_493\Debug\PSoC_2_Pi.a(GPIO_2_3.o)
                              .\ARM_GCC_493\Debug\mem1.o (GPIO_2_3_Write)
.\ARM_GCC_493\Debug\PSoC_2_Pi.a(GPIO_12_3.o)
                              .\ARM_GCC_493\Debug\mem1.o (GPIO_12_3_Write)
.\ARM_GCC_493\Debug\PSoC_2_Pi.a(GPIO_12_4.o)
                              .\ARM_GCC_493\Debug\mem1.o (GPIO_12_4_Write)
.\ARM_GCC_493\Debug\PSoC_2_Pi.a(GPIO_5_0.o)
                              .\ARM_GCC_493\Debug\mem1.o (GPIO_5_0_Write)
.\ARM_GCC_493\Debug\PSoC_2_Pi.a(GPIO_12_5.o)
                              .\ARM_GCC_493\Debug\mem1.o (GPIO_12_5_Write)
.\ARM_GCC_493\Debug\PSoC_2_Pi.a(USBUART.o)
                              .\ARM_GCC_493\Debug\LINX.o (USBUART_Start)
.\ARM_GCC_493\Debug\PSoC_2_Pi.a(USBUART_cdc.o)
                              .\ARM_GCC_493\Debug\LINX.o (USBUART_CDC_Init)
.\ARM_GCC_493\Debug\PSoC_2_Pi.a(USBUART_drv.o)
                              .\ARM_GCC_493\Debug\PSoC_2_Pi.a(USBUART.o) (USBUART_EP)
.\ARM_GCC_493\Debug\PSoC_2_Pi.a(USBUART_episr.o)
[...]
Memory Configuration

Name             Origin             Length             Attributes
rom              0x00000000         0x00040000         xr
ram              0x1fff8000         0x00010000         xrw
*default*        0x00000000         0xffffffff

Linker script and memory map

LOAD c:/program files (x86)/cypress/psoc creator/3.3/psoc creator/import/gnu/arm/4.9.3/bin/../lib/gcc/arm-none-eabi/4.9.3/armv7-m/crti.o
LOAD c:/program files (x86)/cypress/psoc creator/3.3/psoc creator/import/gnu/arm/4.9.3/bin/../lib/gcc/arm-none-eabi/4.9.3/armv7-m/crtbegin.o
LOAD c:/program files (x86)/cypress/psoc creator/3.3/psoc creator/import/gnu/arm/4.9.3/bin/../lib/gcc/arm-none-eabi/4.9.3/../../../../arm-none-eabi/lib/armv7-m/crt0.o
START GROUP
LOAD .\ARM_GCC_493\Debug\main.o
LOAD .\ARM_GCC_493\Debug\mem1.o
LOAD .\ARM_GCC_493\Debug\LINX.o
LOAD .\ARM_GCC_493\Debug\Python.o
LOAD .\ARM_GCC_493\Debug\cymetadata.o
LOAD .\ARM_GCC_493\Debug\Cm3Start.o
LOAD .\ARM_GCC_493\Debug\cybootloader.o
LOAD .\ARM_GCC_493\Debug\PSoC_2_Pi.a
LOAD C:\Program Files (x86)\Cypress\PSoC Creator\3.3\PSoC Creator\psoc\content\cycomponentlibrary\CyComponentLibrary.cylib\CortexM3\ARM_GCC_493\Debug\CyComponentLibrary.a
END GROUP
START GROUP
LOAD c:/program files (x86)/cypress/psoc creator/3.3/psoc creator/import/gnu/arm/4.9.3/bin/../lib/gcc/arm-none-eabi/4.9.3/armv7-m\libgcc.a
LOAD c:/program files (x86)/cypress/psoc creator/3.3/psoc creator/import/gnu/arm/4.9.3/bin/../lib/gcc/arm-none-eabi/4.9.3/../../../../arm-none-eabi/lib/armv7-m\libg_nano.a
LOAD c:/program files (x86)/cypress/psoc creator/3.3/psoc creator/import/gnu/arm/4.9.3/bin/../lib/gcc/arm-none-eabi/4.9.3/../../../../arm-none-eabi/lib/armv7-m\libc_nano.a
END GROUP
START GROUP
LOAD c:/program files (x86)/cypress/psoc creator/3.3/psoc creator/import/gnu/arm/4.9.3/bin/../lib/gcc/arm-none-eabi/4.9.3/armv7-m\libgcc.a
LOAD c:/program files (x86)/cypress/psoc creator/3.3/psoc creator/import/gnu/arm/4.9.3/bin/../lib/gcc/arm-none-eabi/4.9.3/../../../../arm-none-eabi/lib/armv7-m\libc_nano.a
END GROUP
LOAD c:/program files (x86)/cypress/psoc creator/3.3/psoc creator/import/gnu/arm/4.9.3/bin/../lib/gcc/arm-none-eabi/4.9.3/armv7-m/crtend.o
LOAD c:/program files (x86)/cypress/psoc creator/3.3/psoc creator/import/gnu/arm/4.9.3/bin/../lib/gcc/arm-none-eabi/4.9.3/armv7-m/crtn.o
START GROUP
LOAD c:/program files (x86)/cypress/psoc creator/3.3/psoc creator/import/gnu/arm/4.9.3/bin/../lib/gcc/arm-none-eabi/4.9.3/armv7-m\libgcc.a
LOAD c:/program files (x86)/cypress/psoc creator/3.3/psoc creator/import/gnu/arm/4.9.3/bin/../lib/gcc/arm-none-eabi/4.9.3/../../../../arm-none-eabi/lib/armv7-m\libc.a
LOAD c:/program files (x86)/cypress/psoc creator/3.3/psoc creator/import/gnu/arm/4.9.3/bin/../lib/gcc/arm-none-eabi/4.9.3/../../../../arm-none-eabi/lib/armv7-m\libnosys.a
END GROUP
                0x00000000                CY_APPL_ORIGIN = 0x0
                0x00000100                CY_FLASH_ROW_SIZE = 0x100
                0x00000020                CY_ECC_ROW_SIZE = 0x20
                0x00000000                CY_EE_IN_BTLDR = 0x0
                0x00000001                CY_APPL_LOADABLE = 0x1
                0x00000800                CY_EE_SIZE = 0x800
                0x00000001                CY_APPL_NUM = 0x1
                0x00000001                CY_APPL_MAX = 0x1
                0x00000040                CY_METADATA_SIZE = 0x40
                0x1fff8438                PROVIDE (__cy_heap_start, _end)
                0x00000001                PROVIDE (__cy_region_num, ((__cy_regions_end - __cy_regions) / 0x10))
                0x20008000                PROVIDE (__cy_stack, (ORIGIN (ram) + 0x10000))
                0x20004000                PROVIDE (__cy_heap_end, (__cy_stack - 0x4000))

.cybootloader   0x00000000     0x2c00
 *(.cybootloader)
 .cybootloader  0x00000000     0x2c00 .\ARM_GCC_493\Debug\cybootloader.o
                0x00000000                cy_bootloader
                0x00002c00                appl1_start = CY_APPL_ORIGIN?CY_APPL_ORIGIN:ALIGN (CY_FLASH_ROW_SIZE)
                0x00021500                appl2_start = (appl1_start + ALIGN ((((0x40000 - appl1_start) - (0x2 * CY_FLASH_ROW_SIZE)) / 0x2), CY_FLASH_ROW_SIZE))
                0x00002c00                appl_start = (CY_APPL_NUM == 0x1)?appl1_start:appl2_start
                0x00000580                ecc_offset = ((appl_start / CY_FLASH_ROW_SIZE) * CY_ECC_ROW_SIZE)
                0x00000000                ee_offset = (CY_APPL_LOADABLE && ! (CY_EE_IN_BTLDR))?((CY_EE_SIZE / CY_APPL_MAX) * (CY_APPL_NUM - 0x1)):0x0
                0x00000800                ee_size = (CY_APPL_LOADABLE && ! (CY_EE_IN_BTLDR))?(CY_EE_SIZE / CY_APPL_MAX):CY_EE_SIZE
                0x00000580                PROVIDE (CY_ECC_OFFSET, ecc_offset)

.text           0x00002c00     0xdf06
 CREATE_OBJECT_SYMBOLS
                0x00002c00                PROVIDE (__cy_interrupt_vector, RomVectors)
 *(.romvectors)
 .romvectors    0x00002c00       0x10 .\ARM_GCC_493\Debug\Cm3Start.o
                0x00002c00                RomVectors
                0x00000001                ASSERT ((. != __cy_interrupt_vector), No interrupt vector)
                0x00000001                ASSERT (CY_APPL_ORIGIN?(SIZEOF (.cybootloader) <= CY_APPL_ORIGIN):0x1, Wrong image location)
                0x00002c10                PROVIDE (__cy_reset, Reset)
 *(.text.Reset)
 .text.Reset    0x00002c10        0x8 .\ARM_GCC_493\Debug\Cm3Start.o
                0x00002c10                Reset
                0x00000001                ASSERT ((. != __cy_reset), No reset code)
 *(.dma_init)
                0x00000001                ASSERT ((((appl_start + .) <= 0x10000) || 0x1), DMA Init must be within the first 64k of flash)
 *(.text .text.* .gnu.linkonce.t.*)
 .text          0x00002c18       0x5c c:/program files (x86)/cypress/psoc creator/3.3/psoc creator/import/gnu/arm/4.9.3/bin/../lib/gcc/arm-none-eabi/4.9.3/armv7-m/crtbegin.o
 .text.main     0x00002c74       0x40 .\ARM_GCC_493\Debug\main.o
                0x00002c74                main
 .text.readData
                0x00002cb4      0x29c .\ARM_GCC_493\Debug\mem1.o
                0x00002cb4                readData
 .text.CheckBuild
                0x00002f50      0x45c .\ARM_GCC_493\Debug\mem1.o
                0x00002f50                CheckBuild
 .text.VDAC0_Control
                0x000033ac       0xa8 .\ARM_GCC_493\Debug\mem1.o
                0x000033ac                VDAC0_Control
 .text.IDAC0_Control
                0x00003454       0xd4 .\ARM_GCC_493\Debug\mem1.o
                0x00003454                IDAC0_Control
 .text.WAVEDAC_Control
                0x00003528       0xec .\ARM_GCC_493\Debug\mem1.o
                0x00003528                WAVEDAC_Control
 *fill*         0x00003614        0x4 
 .text.Generate_Wave
                0x00003618      0x408 .\ARM_GCC_493\Debug\mem1.o
                0x00003618                Generate_Wave
 .text.PWM_Control_0
                0x00003a20       0xd4 .\ARM_GCC_493\Debug\mem1.o
                0x00003a20                PWM_Control_0
 .text.PWM_Control_1
                0x00003af4       0xd4 .\ARM_GCC_493\Debug\mem1.o
                0x00003af4                PWM_Control_1
 .text.PWM_Control_2
                0x00003bc8       0xd4 .\ARM_GCC_493\Debug\mem1.o
                0x00003bc8                PWM_Control_2
 .text.PWM_Control_3
                0x00003c9c       0xd4 .\ARM_GCC_493\Debug\mem1.o
                0x00003c9c                PWM_Control_3
 .text.PWM_Control_4
                0x00003d70       0xd4 .\ARM_GCC_493\Debug\mem1.o
                0x00003d70                PWM_Control_4
 .text.PWM_Control_5
                0x00003e44       0xd4 .\ARM_GCC_493\Debug\mem1.o
                0x00003e44                PWM_Control_5
 .text.PWM_Control_6
                0x00003f18       0xd4 .\ARM_GCC_493\Debug\mem1.o
                0x00003f18                PWM_Control_6
 .text.PWM_Control_7
                0x00003fec       0xd4 .\ARM_GCC_493\Debug\mem1.o
                0x00003fec                PWM_Control_7
 .text.GPIO_Control
                0x000040c0      0x780 .\ARM_GCC_493\Debug\mem1.o
                0x000040c0                GPIO_Control
 .text.Analog_Read
                0x00004840       0xcc .\ARM_GCC_493\Debug\mem1.o
                0x00004840                Analog_Read
 .text.CapSense_Read
                0x0000490c      0x10c .\ARM_GCC_493\Debug\mem1.o
                0x0000490c                CapSense_Read
 .text.Range_Finder
                0x00004a18     0x13e0 .\ARM_GCC_493\Debug\mem1.o
                0x00004a18                Range_Finder
 .text.test_read
                0x00005df8       0x20 .\ARM_GCC_493\Debug\mem1.o
                0x00005df8                test_read
 .text.StripLightsControl
                0x00005e18       0x9c .\ARM_GCC_493\Debug\mem1.o
                0x00005e18                StripLightsControl
 .text.Stripe   0x00005eb4       0x44 .\ARM_GCC_493\Debug\mem1.o
                0x00005eb4                Stripe
 .text.NeoPixel_DrawRow
                0x00005ef8       0x4c .\ARM_GCC_493\Debug\mem1.o
                0x00005ef8                NeoPixel_DrawRow
 .text.NeoPixel_DrawColumn
                0x00005f44       0x4c .\ARM_GCC_493\Debug\mem1.o
                0x00005f44                NeoPixel_DrawColumn
 .text.SetNeoPixel
                0x00005f90       0x3c .\ARM_GCC_493\Debug\mem1.o
                0x00005f90                SetNeoPixel
 .text.LINX_Initialize
                0x00005fcc       0x48 .\ARM_GCC_493\Debug\LINX.o
                0x00005fcc                LINX_Initialize
 .text.LINX_GetCommand
                0x00006014       0x5c .\ARM_GCC_493\Debug\LINX.o
                0x00006014                LINX_GetCommand
 .text.LINX_CalculateChecksum
                0x00006070       0x40 .\ARM_GCC_493\Debug\LINX.o
                0x00006070                LINX_CalculateChecksum
 .text.LINX_PackResult
                0x000060b0       0xa4 .\ARM_GCC_493\Debug\LINX.o
                0x000060b0                LINX_PackResult
 .text.LINX_ProcessCommand
                0x00006154     0x11a4 .\ARM_GCC_493\Debug\LINX.o
                0x00006154                LINX_ProcessCommand
 .text.LINX_SendResponse
                0x000072f8       0x20 .\ARM_GCC_493\Debug\LINX.o
                0x000072f8                LINX_SendResponse
 .text.IntDefaultHandler
                0x00007318        0x8 .\ARM_GCC_493\Debug\Cm3Start.o
                0x00007318                IntDefaultHandler
 .text.Start_c  0x00007320       0x98 .\ARM_GCC_493\Debug\Cm3Start.o
                0x00007320                Start_c
 .text.initialize_psoc
                0x000073b8       0x90 .\ARM_GCC_493\Debug\Cm3Start.o
                0x000073b8                initialize_psoc
 .text.CYMEMZERO
                0x00007448       0x1c .\ARM_GCC_493\Debug\PSoC_2_Pi.a(cyfitter_cfg.o)
 .text.CYCONFIGCPY
                0x00007464       0x1c .\ARM_GCC_493\Debug\PSoC_2_Pi.a(cyfitter_cfg.o)
 .text.CyClockStartupError
                0x00007480        0xc .\ARM_GCC_493\Debug\PSoC_2_Pi.a(cyfitter_cfg.o)
 .text.cfg_write_bytes32
                0x0000748c       0x74 .\ARM_GCC_493\Debug\PSoC_2_Pi.a(cyfitter_cfg.o)
 .text.ClockSetup
                0x00007500      0x1d8 .\ARM_GCC_493\Debug\PSoC_2_Pi.a(cyfitter_cfg.o)
 .text.AnalogSetDefault
                0x000076d8      0x128 .\ARM_GCC_493\Debug\PSoC_2_Pi.a(cyfitter_cfg.o)
 .text.CapSense_1_AMuxCH0_Set
                0x00007800       0x40 .\ARM_GCC_493\Debug\PSoC_2_Pi.a(cyfitter_cfg.o)
                0x00007800                CapSense_1_AMuxCH0_Set
 .text.CapSense_1_AMuxCH0_Unset
                0x00007840       0x44 .\ARM_GCC_493\Debug\PSoC_2_Pi.a(cyfitter_cfg.o)
                0x00007840                CapSense_1_AMuxCH0_Unset
 .text.cyfitter_cfg
                0x00007884      0x214 .\ARM_GCC_493\Debug\PSoC_2_Pi.a(cyfitter_cfg.o)
                0x00007884                cyfitter_cfg
 .text.PWM_CLK_1_SetDividerRegister
                0x00007a98      0x160 .\ARM_GCC_493\Debug\PSoC_2_Pi.a(PWM_CLK_1.o)
                0x00007a98                PWM_CLK_1_SetDividerRegister
 .text.PWM_CLK_1_GetDividerRegister
                0x00007bf8       0x18 .\ARM_GCC_493\Debug\PSoC_2_Pi.a(PWM_CLK_1.o)
                0x00007bf8                PWM_CLK_1_GetDividerRegister
 .text.PWM_CLK_1_GetSourceRegister
                0x00007c10       0x20 .\ARM_GCC_493\Debug\PSoC_2_Pi.a(PWM_CLK_1.o)
                0x00007c10                PWM_CLK_1_GetSourceRegister
 .text.PWM_1_Start
                0x00007c30       0x20 .\ARM_GCC_493\Debug\PSoC_2_Pi.a(PWM_1.o)
                0x00007c30                PWM_1_Start
 .text.PWM_1_Init
                0x00007c50       0x94 .\ARM_GCC_493\Debug\PSoC_2_Pi.a(PWM_1.o)
                0x00007c50                PWM_1_Init
 .text.PWM_1_Enable
                0x00007ce4       0x20 .\ARM_GCC_493\Debug\PSoC_2_Pi.a(PWM_1.o)
                0x00007ce4                PWM_1_Enable
 .text.PWM_1_Stop
                0x00007d04       0x20 .\ARM_GCC_493\Debug\PSoC_2_Pi.a(PWM_1.o)
                0x00007d04                PWM_1_Stop
 .text.PWM_1_WriteCounter
                0x00007d24       0x20 .\ARM_GCC_493\Debug\PSoC_2_Pi.a(PWM_1.o)
                0x00007d24                PWM_1_WriteCounter
 .text.PWM_1_ReadCounter
                0x00007d44       0x20 .\ARM_GCC_493\Debug\PSoC_2_Pi.a(PWM_1.o)
                0x00007d44                PWM_1_ReadCounter
 .text.PWM_1_ClearFIFO
                0x00007d64       0x1c .\ARM_GCC_493\Debug\PSoC_2_Pi.a(PWM_1.o)
                0x00007d64                PWM_1_ClearFIFO
 .text.PWM_1_WritePeriod
                0x00007d80       0x20 .\ARM_GCC_493\Debug\PSoC_2_Pi.a(PWM_1.o)
                0x00007d80                PWM_1_WritePeriod
 .text.PWM_1_WriteCompare
                0x00007da0       0x20 .\ARM_GCC_493\Debug\PSoC_2_Pi.a(PWM_1.o)
                0x00007da0                PWM_1_WriteCompare
 .text.PWM_1_SetInterruptMode
                0x00007dc0       0x20 .\ARM_GCC_493\Debug\PSoC_2_Pi.a(PWM_1.o)
                0x00007dc0                PWM_1_SetInterruptMode
 .text.PWM_1_ReadStatusRegister
                0x00007de0       0x18 .\ARM_GCC_493\Debug\PSoC_2_Pi.a(PWM_1.o)
                0x00007de0                PWM_1_ReadStatusRegister
 .text.PWM_1_ReadControlRegister
                0x00007df8       0x20 .\ARM_GCC_493\Debug\PSoC_2_Pi.a(PWM_1.o)
                0x00007df8                PWM_1_ReadControlRegister
 .text.PWM_1_WriteControlRegister
                0x00007e18       0x20 .\ARM_GCC_493\Debug\PSoC_2_Pi.a(PWM_1.o)
                0x00007e18                PWM_1_WriteControlRegister
 .text.PWM_1_ReadCapture
                0x00007e38       0x18 .\ARM_GCC_493\Debug\PSoC_2_Pi.a(PWM_1.o)
                0x00007e38                PWM_1_ReadCapture
 .text.PWM_1_ReadCompare
                0x00007e50       0x18 .\ARM_GCC_493\Debug\PSoC_2_Pi.a(PWM_1.o)
                0x00007e50                PWM_1_ReadCompare
 .text.PWM_1_ReadPeriod
                0x00007e68       0x18 .\ARM_GCC_493\Debug\PSoC_2_Pi.a(PWM_1.o)
                0x00007e68                PWM_1_ReadPeriod
 .text.PWM_1_SaveConfig
                0x00007e80       0x3c .\ARM_GCC_493\Debug\PSoC_2_Pi.a(PWM_1_PM.o)
                0x00007e80                PWM_1_SaveConfig
 .text.PWM_1_RestoreConfig
                0x00007ebc       0x34 .\ARM_GCC_493\Debug\PSoC_2_Pi.a(PWM_1_PM.o)
                0x00007ebc                PWM_1_RestoreConfig
 .text.PWM_1_Sleep
                0x00007ef0       0x34 .\ARM_GCC_493\Debug\PSoC_2_Pi.a(PWM_1_PM.o)
                0x00007ef0                PWM_1_Sleep
 .text.PWM_1_Wakeup
                0x00007f24       0x1c .\ARM_GCC_493\Debug\PSoC_2_Pi.a(PWM_1_PM.o)
                0x00007f24                PWM_1_Wakeup
 .text.PWM_2_Start
                0x00007f40       0x20 .\ARM_GCC_493\Debug\PSoC_2_Pi.a(PWM_2.o)
                0x00007f40                PWM_2_Start
 .text.PWM_2_Init
                0x00007f60       0x94 .\ARM_GCC_493\Debug\PSoC_2_Pi.a(PWM_2.o)
                0x00007f60                PWM_2_Init
 .text.PWM_2_Enable
                0x00007ff4       0x20 .\ARM_GCC_493\Debug\PSoC_2_Pi.a(PWM_2.o)
                0x00007ff4                PWM_2_Enable
 .text.PWM_2_Stop
                0x00008014       0x20 .\ARM_GCC_493\Debug\PSoC_2_Pi.a(PWM_2.o)
                0x00008014                PWM_2_Stop
 .text.PWM_2_WriteCounter
                0x00008034       0x20 .\ARM_GCC_493\Debug\PSoC_2_Pi.a(PWM_2.o)
                0x00008034                PWM_2_WriteCounter
 .text.PWM_2_ReadCounter
                0x00008054       0x20 .\ARM_GCC_493\Debug\PSoC_2_Pi.a(PWM_2.o)
                0x00008054                PWM_2_ReadCounter
 .text.PWM_2_ClearFIFO
                0x00008074       0x1c .\ARM_GCC_493\Debug\PSoC_2_Pi.a(PWM_2.o)
                0x00008074                PWM_2_ClearFIFO
 .text.PWM_2_WritePeriod
                0x00008090       0x20 .\ARM_GCC_493\Debug\PSoC_2_Pi.a(PWM_2.o)
                0x00008090                PWM_2_WritePeriod
 .text.PWM_2_WriteCompare
                0x000080b0       0x20 .\ARM_GCC_493\Debug\PSoC_2_Pi.a(PWM_2.o)
                0x000080b0                PWM_2_WriteCompare
 .text.PWM_2_SetInterruptMode
                0x000080d0       0x20 .\ARM_GCC_493\Debug\PSoC_2_Pi.a(PWM_2.o)
                0x000080d0                PWM_2_SetInterruptMode
 .text.PWM_2_ReadStatusRegister
                0x000080f0       0x18 .\ARM_GCC_493\Debug\PSoC_2_Pi.a(PWM_2.o)
                0x000080f0                PWM_2_ReadStatusRegister
 .text.PWM_2_ReadControlRegister
                0x00008108       0x20 .\ARM_GCC_493\Debug\PSoC_2_Pi.a(PWM_2.o)
                0x00008108                PWM_2_ReadControlRegister
 .text.PWM_2_WriteControlRegister
                0x00008128       0x20 .\ARM_GCC_493\Debug\PSoC_2_Pi.a(PWM_2.o)
                0x00008128                PWM_2_WriteControlRegister
 .text.PWM_2_ReadCapture
                0x00008148       0x18 .\ARM_GCC_493\Debug\PSoC_2_Pi.a(PWM_2.o)
                0x00008148                PWM_2_ReadCapture
 .text.PWM_2_ReadCompare
                0x00008160       0x18 .\ARM_GCC_493\Debug\PSoC_2_Pi.a(PWM_2.o)
                0x00008160                PWM_2_ReadCompare
 .text.PWM_2_ReadPeriod
                0x00008178       0x18 .\ARM_GCC_493\Debug\PSoC_2_Pi.a(PWM_2.o)
                0x00008178                PWM_2_ReadPeriod
 .text.PWM_2_SaveConfig
                0x00008190       0x3c .\ARM_GCC_493\Debug\PSoC_2_Pi.a(PWM_2_PM.o)
                0x00008190                PWM_2_SaveConfig
 .text.PWM_2_RestoreConfig
                0x000081cc       0x34 .\ARM_GCC_493\Debug\PSoC_2_Pi.a(PWM_2_PM.o)
                0x000081cc                PWM_2_RestoreConfig
 .text.PWM_2_Sleep
                0x00008200       0x34 .\ARM_GCC_493\Debug\PSoC_2_Pi.a(PWM_2_PM.o)
                0x00008200                PWM_2_Sleep
 .text.PWM_2_Wakeup
                0x00008234       0x1c .\ARM_GCC_493\Debug\PSoC_2_Pi.a(PWM_2_PM.o)
                0x00008234                PWM_2_Wakeup
 .text.IDAC8_1_Init
                0x00008250       0x34 .\ARM_GCC_493\Debug\PSoC_2_Pi.a(IDAC8_1.o)
                0x00008250                IDAC8_1_Init
 .text.IDAC8_1_Enable
                0x00008284       0x34 .\ARM_GCC_493\Debug\PSoC_2_Pi.a(IDAC8_1.o)
                0x00008284                IDAC8_1_Enable
 .text.IDAC8_1_Start
                0x000082b8       0x28 .\ARM_GCC_493\Debug\PSoC_2_Pi.a(IDAC8_1.o)
                0x000082b8                IDAC8_1_Start
 .text.IDAC8_1_Stop
                0x000082e0       0x34 .\ARM_GCC_493\Debug\PSoC_2_Pi.a(IDAC8_1.o)
                0x000082e0                IDAC8_1_Stop
 .text.IDAC8_1_SetSpeed
                0x00008314       0x40 .\ARM_GCC_493\Debug\PSoC_2_Pi.a(IDAC8_1.o)
                0x00008314                IDAC8_1_SetSpeed
 .text.IDAC8_1_SetPolarity
                0x00008354       0x40 .\ARM_GCC_493\Debug\PSoC_2_Pi.a(IDAC8_1.o)
                0x00008354                IDAC8_1_SetPolarity
 .text.IDAC8_1_SetRange
                0x00008394       0x40 .\ARM_GCC_493\Debug\PSoC_2_Pi.a(IDAC8_1.o)
                0x00008394                IDAC8_1_SetRange
 .text.IDAC8_1_SetValue
                0x000083d4       0x20 .\ARM_GCC_493\Debug\PSoC_2_Pi.a(IDAC8_1.o)
                0x000083d4                IDAC8_1_SetValue
 .text.IDAC8_1_DacTrim
                0x000083f4       0x54 .\ARM_GCC_493\Debug\PSoC_2_Pi.a(IDAC8_1.o)
                0x000083f4                IDAC8_1_DacTrim
 .text.IDAC8_1_SaveConfig
                0x00008448       0x30 .\ARM_GCC_493\Debug\PSoC_2_Pi.a(IDAC8_1_PM.o)
                0x00008448                IDAC8_1_SaveConfig
 .text.IDAC8_1_RestoreConfig
                0x00008478       0x6c .\ARM_GCC_493\Debug\PSoC_2_Pi.a(IDAC8_1_PM.o)
                0x00008478                IDAC8_1_RestoreConfig
 .text.IDAC8_1_Sleep
                0x000084e4       0x34 .\ARM_GCC_493\Debug\PSoC_2_Pi.a(IDAC8_1_PM.o)
                0x000084e4                IDAC8_1_Sleep
 .text.IDAC8_1_Wakeup
                0x00008518       0x2c .\ARM_GCC_493\Debug\PSoC_2_Pi.a(IDAC8_1_PM.o)
                0x00008518                IDAC8_1_Wakeup
 .text.VDAC8_1_Init
                0x00008544       0x28 .\ARM_GCC_493\Debug\PSoC_2_Pi.a(VDAC8_1.o)
                0x00008544                VDAC8_1_Init
 .text.VDAC8_1_Enable
                0x0000856c       0x34 .\ARM_GCC_493\Debug\PSoC_2_Pi.a(VDAC8_1.o)
                0x0000856c                VDAC8_1_Enable
 .text.VDAC8_1_Start
                0x000085a0       0x28 .\ARM_GCC_493\Debug\PSoC_2_Pi.a(VDAC8_1.o)
                0x000085a0                VDAC8_1_Start
 .text.VDAC8_1_Stop
                0x000085c8       0x34 .\ARM_GCC_493\Debug\PSoC_2_Pi.a(VDAC8_1.o)
                0x000085c8                VDAC8_1_Stop
 .text.VDAC8_1_SetSpeed
                0x000085fc       0x40 .\ARM_GCC_493\Debug\PSoC_2_Pi.a(VDAC8_1.o)
                0x000085fc                VDAC8_1_SetSpeed
 .text.VDAC8_1_SetRange
                0x0000863c       0x40 .\ARM_GCC_493\Debug\PSoC_2_Pi.a(VDAC8_1.o)
                0x0000863c                VDAC8_1_SetRange
 .text.VDAC8_1_SetValue
                0x0000867c       0x20 .\ARM_GCC_493\Debug\PSoC_2_Pi.a(VDAC8_1.o)
                0x0000867c                VDAC8_1_SetValue
 .text.VDAC8_1_DacTrim
                0x0000869c       0x3c .\ARM_GCC_493\Debug\PSoC_2_Pi.a(VDAC8_1.o)
                0x0000869c                VDAC8_1_DacTrim
 .text.VDAC8_1_SaveConfig
                0x000086d8       0x30 .\ARM_GCC_493\Debug\PSoC_2_Pi.a(VDAC8_1_PM.o)
                0x000086d8                VDAC8_1_SaveConfig
 .text.VDAC8_1_RestoreConfig
                0x00008708       0x6c .\ARM_GCC_493\Debug\PSoC_2_Pi.a(VDAC8_1_PM.o)
                0x00008708                VDAC8_1_RestoreConfig
 .text.VDAC8_1_Sleep
                0x00008774       0x34 .\ARM_GCC_493\Debug\PSoC_2_Pi.a(VDAC8_1_PM.o)
                0x00008774                VDAC8_1_Sleep
 .text.VDAC8_1_Wakeup
                0x000087a8       0x2c .\ARM_GCC_493\Debug\PSoC_2_Pi.a(VDAC8_1_PM.o)
                0x000087a8                VDAC8_1_Wakeup
 .text.CapSense_1_Init
                0x000087d4      0x148 .\ARM_GCC_493\Debug\PSoC_2_Pi.a(CapSense_1.o)
                0x000087d4                CapSense_1_Init
 .text.CapSense_1_Enable
                0x0000891c       0x98 .\ARM_GCC_493\Debug\PSoC_2_Pi.a(CapSense_1.o)
                0x0000891c                CapSense_1_Enable
 .text.CapSense_1_Start
                0x000089b4       0x20 .\ARM_GCC_493\Debug\PSoC_2_Pi.a(CapSense_1.o)
                0x000089b4                CapSense_1_Start
 .text.CapSense_1_Stop
                0x000089d4       0x94 .\ARM_GCC_493\Debug\PSoC_2_Pi.a(CapSense_1.o)
                0x000089d4                CapSense_1_Stop
 .text.CapSense_1_FindNextSensor
                0x00008a68       0x50 .\ARM_GCC_493\Debug\PSoC_2_Pi.a(CapSense_1.o)
                0x00008a68                CapSense_1_FindNextSensor
 .text.CapSense_1_SetScanSlotSettings
                0x00008ab8       0x50 .\ARM_GCC_493\Debug\PSoC_2_Pi.a(CapSense_1.o)
                0x00008ab8                CapSense_1_SetScanSlotSettings
 .text.CapSense_1_ScanSensor
                0x00008b08       0x34 .\ARM_GCC_493\Debug\PSoC_2_Pi.a(CapSense_1.o)
                0x00008b08                CapSense_1_ScanSensor
 .text.CapSense_1_ScanEnabledWidgets
                0x00008b3c       0x54 .\ARM_GCC_493\Debug\PSoC_2_Pi.a(CapSense_1.o)
                0x00008b3c                CapSense_1_ScanEnabledWidgets
 .text.CapSense_1_IsBusy
                0x00008b90       0x20 .\ARM_GCC_493\Debug\PSoC_2_Pi.a(CapSense_1.o)
                0x00008b90                CapSense_1_IsBusy
 .text.CapSense_1_ReadSensorRaw
                0x00008bb0       0x24 .\ARM_GCC_493\Debug\PSoC_2_Pi.a(CapSense_1.o)
                0x00008bb0                CapSense_1_ReadSensorRaw
 .text.CapSense_1_ClearSensors
                0x00008bd4       0x28 .\ARM_GCC_493\Debug\PSoC_2_Pi.a(CapSense_1.o)
                0x00008bd4                CapSense_1_ClearSensors
 .text.CapSense_1_EnableSensor
                0x00008bfc       0x68 .\ARM_GCC_493\Debug\PSoC_2_Pi.a(CapSense_1.o)
                0x00008bfc                CapSense_1_EnableSensor
 .text.CapSense_1_DisableSensor
                0x00008c64       0x6c .\ARM_GCC_493\Debug\PSoC_2_Pi.a(CapSense_1.o)
                0x00008c64                CapSense_1_DisableSensor
 .text.CapSense_1_PreScan
                0x00008cd0       0x58 .\ARM_GCC_493\Debug\PSoC_2_Pi.a(CapSense_1.o)
                0x00008cd0                CapSense_1_PreScan
 .text.CapSense_1_PostScan
                0x00008d28       0x98 .\ARM_GCC_493\Debug\PSoC_2_Pi.a(CapSense_1.o)
                0x00008d28                CapSense_1_PostScan
 .text.CapSense_1_SetPrescaler
                0x00008dc0       0x2c .\ARM_GCC_493\Debug\PSoC_2_Pi.a(CapSense_1.o)
                0x00008dc0                CapSense_1_SetPrescaler
 .text.CapSense_1_SetAnalogSwitchesSource
                0x00008dec       0x40 .\ARM_GCC_493\Debug\PSoC_2_Pi.a(CapSense_1.o)
                0x00008dec                CapSense_1_SetAnalogSwitchesSource
 .text.CapSense_1_BaseInit
                0x00008e2c       0x78 .\ARM_GCC_493\Debug\PSoC_2_Pi.a(CapSense_1_CSHL.o)
                0x00008e2c                CapSense_1_BaseInit
 .text.CapSense_1_InitializeSensorBaseline
                0x00008ea4       0x2c .\ARM_GCC_493\Debug\PSoC_2_Pi.a(CapSense_1_CSHL.o)
                0x00008ea4                CapSense_1_InitializeSensorBaseline
 .text.CapSense_1_InitializeAllBaselines
                0x00008ed0       0x28 .\ARM_GCC_493\Debug\PSoC_2_Pi.a(CapSense_1_CSHL.o)
                0x00008ed0                CapSense_1_InitializeAllBaselines
 .text.CapSense_1_UpdateSensorBaseline
                0x00008ef8      0x174 .\ARM_GCC_493\Debug\PSoC_2_Pi.a(CapSense_1_CSHL.o)
                0x00008ef8                CapSense_1_UpdateSensorBaseline
 .text.CapSense_1_UpdateEnabledBaselines
                0x0000906c       0x50 .\ARM_GCC_493\Debug\PSoC_2_Pi.a(CapSense_1_CSHL.o)
                0x0000906c                CapSense_1_UpdateEnabledBaselines
 .text.CapSense_1_CheckIsSensorActive
                0x000090bc      0x108 .\ARM_GCC_493\Debug\PSoC_2_Pi.a(CapSense_1_CSHL.o)
                0x000090bc                CapSense_1_CheckIsSensorActive
 .text.CapSense_1_CheckIsWidgetActive
                0x000091c4       0x54 .\ARM_GCC_493\Debug\PSoC_2_Pi.a(CapSense_1_CSHL.o)
                0x000091c4                CapSense_1_CheckIsWidgetActive
 .text.CapSense_1_IIR4Filter
                0x00009218       0x38 .\ARM_GCC_493\Debug\PSoC_2_Pi.a(CapSense_1_CSHL.o)
                0x00009218                CapSense_1_IIR4Filter
 .text.CapSense_1_IsrCH0_ISR
                0x00009250       0x78 .\ARM_GCC_493\Debug\PSoC_2_Pi.a(CapSense_1_INT.o)
                0x00009250                CapSense_1_IsrCH0_ISR
 .text.CapSense_1_SaveConfig
                0x000092c8       0x1c .\ARM_GCC_493\Debug\PSoC_2_Pi.a(CapSense_1_PM.o)
                0x000092c8                CapSense_1_SaveConfig
 .text.CapSense_1_Sleep
                0x000092e4       0x34 .\ARM_GCC_493\Debug\PSoC_2_Pi.a(CapSense_1_PM.o)
                0x000092e4                CapSense_1_Sleep
 .text.CapSense_1_RestoreConfig
                0x00009318       0x58 .\ARM_GCC_493\Debug\PSoC_2_Pi.a(CapSense_1_PM.o)
                0x00009318                CapSense_1_RestoreConfig
 .text.CapSense_1_Wakeup
                0x00009370       0x1c .\ARM_GCC_493\Debug\PSoC_2_Pi.a(CapSense_1_PM.o)
                0x00009370                CapSense_1_Wakeup
 .text.PWM_7_Start
                0x0000938c       0x20 .\ARM_GCC_493\Debug\PSoC_2_Pi.a(PWM_7.o)
                0x0000938c                PWM_7_Start
 .text.PWM_7_Init
                0x000093ac       0x94 .\ARM_GCC_493\Debug\PSoC_2_Pi.a(PWM_7.o)
                0x000093ac                PWM_7_Init
 .text.PWM_7_Enable
                0x00009440       0x20 .\ARM_GCC_493\Debug\PSoC_2_Pi.a(PWM_7.o)
                0x00009440                PWM_7_Enable
 .text.PWM_7_Stop
                0x00009460       0x20 .\ARM_GCC_493\Debug\PSoC_2_Pi.a(PWM_7.o)
                0x00009460                PWM_7_Stop
 .text.PWM_7_WriteCounter
                0x00009480       0x20 .\ARM_GCC_493\Debug\PSoC_2_Pi.a(PWM_7.o)
                0x00009480                PWM_7_WriteCounter
 .text.PWM_7_ReadCounter
                0x000094a0       0x20 .\ARM_GCC_493\Debug\PSoC_2_Pi.a(PWM_7.o)
                0x000094a0                PWM_7_ReadCounter
 .text.PWM_7_ClearFIFO
                0x000094c0       0x1c .\ARM_GCC_493\Debug\PSoC_2_Pi.a(PWM_7.o)
                0x000094c0                PWM_7_ClearFIFO
 .text.PWM_7_WritePeriod
                0x000094dc       0x20 .\ARM_GCC_493\Debug\PSoC_2_Pi.a(PWM_7.o)
                0x000094dc                PWM_7_WritePeriod
 .text.PWM_7_WriteCompare
                0x000094fc       0x20 .\ARM_GCC_493\Debug\PSoC_2_Pi.a(PWM_7.o)
                0x000094fc                PWM_7_WriteCompare
 .text.PWM_7_SetInterruptMode
                0x0000951c       0x20 .\ARM_GCC_493\Debug\PSoC_2_Pi.a(PWM_7.o)
                0x0000951c                PWM_7_SetInterruptMode
 .text.PWM_7_ReadStatusRegister
                0x0000953c       0x18 .\ARM_GCC_493\Debug\PSoC_2_Pi.a(PWM_7.o)
                0x0000953c                PWM_7_ReadStatusRegister
 .text.PWM_7_ReadControlRegister
                0x00009554       0x20 .\ARM_GCC_493\Debug\PSoC_2_Pi.a(PWM_7.o)
                0x00009554                PWM_7_ReadControlRegister
 .text.PWM_7_WriteControlRegister
                0x00009574       0x20 .\ARM_GCC_493\Debug\PSoC_2_Pi.a(PWM_7.o)
                0x00009574                PWM_7_WriteControlRegister
 .text.PWM_7_ReadCapture
                0x00009594       0x18 .\ARM_GCC_493\Debug\PSoC_2_Pi.a(PWM_7.o)
                0x00009594                PWM_7_ReadCapture
 .text.PWM_7_ReadCompare
                0x000095ac       0x18 .\ARM_GCC_493\Debug\PSoC_2_Pi.a(PWM_7.o)
                0x000095ac                PWM_7_ReadCompare
 .text.PWM_7_ReadPeriod
                0x000095c4       0x18 .\ARM_GCC_493\Debug\PSoC_2_Pi.a(PWM_7.o)
                0x000095c4                PWM_7_ReadPeriod
 .text.PWM_7_SaveConfig
                0x000095dc       0x3c .\ARM_GCC_493\Debug\PSoC_2_Pi.a(PWM_7_PM.o)
                0x000095dc                PWM_7_SaveConfig
 .text.PWM_7_RestoreConfig
                0x00009618       0x34 .\ARM_GCC_493\Debug\PSoC_2_Pi.a(PWM_7_PM.o)
                0x00009618                PWM_7_RestoreConfig
 .text.PWM_7_Sleep
                0x0000964c       0x34 .\ARM_GCC_493\Debug\PSoC_2_Pi.a(PWM_7_PM.o)
                0x0000964c                PWM_7_Sleep
 .text.PWM_7_Wakeup
                0x00009680       0x1c .\ARM_GCC_493\Debug\PSoC_2_Pi.a(PWM_7_PM.o)
                0x00009680                PWM_7_Wakeup
 .text.GPIO_5_2_Write
                0x0000969c       0x3c .\ARM_GCC_493\Debug\PSoC_2_Pi.a(GPIO_5_2.o)
                0x0000969c                GPIO_5_2_Write
 .text.GPIO_5_2_SetDriveMode
                0x000096d8       0x38 .\ARM_GCC_493\Debug\PSoC_2_Pi.a(GPIO_5_2.o)
                0x000096d8                GPIO_5_2_SetDriveMode
 .text.GPIO_5_2_Read
                0x00009710       0x20 .\ARM_GCC_493\Debug\PSoC_2_Pi.a(GPIO_5_2.o)
                0x00009710                GPIO_5_2_Read
 .text.GPIO_5_3_Write
                0x00009730       0x3c .\ARM_GCC_493\Debug\PSoC_2_Pi.a(GPIO_5_3.o)
                0x00009730                GPIO_5_3_Write
 .text.GPIO_5_3_SetDriveMode
                0x0000976c       0x38 .\ARM_GCC_493\Debug\PSoC_2_Pi.a(GPIO_5_3.o)
                0x0000976c                GPIO_5_3_SetDriveMode
 .text.GPIO_5_3_Read
                0x000097a4       0x20 .\ARM_GCC_493\Debug\PSoC_2_Pi.a(GPIO_5_3.o)
                0x000097a4                GPIO_5_3_Read
 .text.GPIO_5_4_Write
                0x000097c4       0x3c .\ARM_GCC_493\Debug\PSoC_2_Pi.a(GPIO_5_4.o)
                0x000097c4                GPIO_5_4_Write
 .text.GPIO_5_4_SetDriveMode
                0x00009800       0x38 .\ARM_GCC_493\Debug\PSoC_2_Pi.a(GPIO_5_4.o)
                0x00009800                GPIO_5_4_SetDriveMode
 .text.GPIO_5_4_Read
                0x00009838       0x20 .\ARM_GCC_493\Debug\PSoC_2_Pi.a(GPIO_5_4.o)
                0x00009838                GPIO_5_4_Read
 .text.GPIO_5_5_Write
                0x00009858       0x3c .\ARM_GCC_493\Debug\PSoC_2_Pi.a(GPIO_5_5.o)
                0x00009858                GPIO_5_5_Write
 .text.GPIO_5_5_SetDriveMode
                0x00009894       0x38 .\ARM_GCC_493\Debug\PSoC_2_Pi.a(GPIO_5_5.o)
                0x00009894                GPIO_5_5_SetDriveMode
 .text.GPIO_5_5_Read
                0x000098cc       0x20 .\ARM_GCC_493\Debug\PSoC_2_Pi.a(GPIO_5_5.o)
                0x000098cc                GPIO_5_5_Read
 .text.GPIO_5_1_Write
                0x000098ec       0x3c .\ARM_GCC_493\Debug\PSoC_2_Pi.a(GPIO_5_1.o)
                0x000098ec                GPIO_5_1_Write
 .text.GPIO_5_1_SetDriveMode
                0x00009928       0x38 .\ARM_GCC_493\Debug\PSoC_2_Pi.a(GPIO_5_1.o)
                0x00009928                GPIO_5_1_SetDriveMode
 .text.GPIO_5_1_Read
                0x00009960       0x20 .\ARM_GCC_493\Debug\PSoC_2_Pi.a(GPIO_5_1.o)
                0x00009960                GPIO_5_1_Read
 .text.GPIO_12_6_Write
                0x00009980       0x3c .\ARM_GCC_493\Debug\PSoC_2_Pi.a(GPIO_12_6.o)
                0x00009980                GPIO_12_6_Write
 .text.GPIO_12_6_SetDriveMode
                0x000099bc       0x38 .\ARM_GCC_493\Debug\PSoC_2_Pi.a(GPIO_12_6.o)
                0x000099bc                GPIO_12_6_SetDriveMode
 .text.GPIO_12_6_Read
                0x000099f4       0x20 .\ARM_GCC_493\Debug\PSoC_2_Pi.a(GPIO_12_6.o)
                0x000099f4                GPIO_12_6_Read
 .text.GPIO_12_7_Write
                0x00009a14       0x34 .\ARM_GCC_493\Debug\PSoC_2_Pi.a(GPIO_12_7.o)
                0x00009a14                GPIO_12_7_Write
 .text.GPIO_12_7_SetDriveMode
                0x00009a48       0x38 .\ARM_GCC_493\Debug\PSoC_2_Pi.a(GPIO_12_7.o)
                0x00009a48                GPIO_12_7_SetDriveMode
 .text.GPIO_12_7_Read
                0x00009a80       0x1c .\ARM_GCC_493\Debug\PSoC_2_Pi.a(GPIO_12_7.o)
                0x00009a80                GPIO_12_7_Read
 .text.GPIO_2_1_Write
                0x00009a9c       0x3c .\ARM_GCC_493\Debug\PSoC_2_Pi.a(GPIO_2_1.o)
                0x00009a9c                GPIO_2_1_Write
 .text.GPIO_2_1_SetDriveMode
                0x00009ad8       0x38 .\ARM_GCC_493\Debug\PSoC_2_Pi.a(GPIO_2_1.o)
                0x00009ad8                GPIO_2_1_SetDriveMode
 .text.GPIO_2_1_Read
                0x00009b10       0x20 .\ARM_GCC_493\Debug\PSoC_2_Pi.a(GPIO_2_1.o)
                0x00009b10                GPIO_2_1_Read
 .text.GPIO_2_7_Write
                0x00009b30       0x34 .\ARM_GCC_493\Debug\PSoC_2_Pi.a(GPIO_2_7.o)
                0x00009b30                GPIO_2_7_Write
 .text.GPIO_2_7_SetDriveMode
                0x00009b64       0x38 .\ARM_GCC_493\Debug\PSoC_2_Pi.a(GPIO_2_7.o)
                0x00009b64                GPIO_2_7_SetDriveMode
 .text.GPIO_2_7_Read
                0x00009b9c       0x1c .\ARM_GCC_493\Debug\PSoC_2_Pi.a(GPIO_2_7.o)
                0x00009b9c                GPIO_2_7_Read
 .text.GPIO_2_6_Write
                0x00009bb8       0x3c .\ARM_GCC_493\Debug\PSoC_2_Pi.a(GPIO_2_6.o)
                0x00009bb8                GPIO_2_6_Write
 .text.GPIO_2_6_SetDriveMode
                0x00009bf4       0x38 .\ARM_GCC_493\Debug\PSoC_2_Pi.a(GPIO_2_6.o)
                0x00009bf4                GPIO_2_6_SetDriveMode
 .text.GPIO_2_6_Read
                0x00009c2c       0x20 .\ARM_GCC_493\Debug\PSoC_2_Pi.a(GPIO_2_6.o)
                0x00009c2c                GPIO_2_6_Read
 .text.GPIO_2_2_Write
                0x00009c4c       0x3c .\ARM_GCC_493\Debug\PSoC_2_Pi.a(GPIO_2_2.o)
                0x00009c4c                GPIO_2_2_Write
 .text.GPIO_2_2_SetDriveMode
                0x00009c88       0x38 .\ARM_GCC_493\Debug\PSoC_2_Pi.a(GPIO_2_2.o)
                0x00009c88                GPIO_2_2_SetDriveMode
 .text.GPIO_2_2_Read
                0x00009cc0       0x20 .\ARM_GCC_493\Debug\PSoC_2_Pi.a(GPIO_2_2.o)
                0x00009cc0                GPIO_2_2_Read
 .text.GPIO_12_0_Write
                0x00009ce0       0x38 .\ARM_GCC_493\Debug\PSoC_2_Pi.a(GPIO_12_0.o)
                0x00009ce0                GPIO_12_0_Write
 .text.GPIO_12_0_SetDriveMode
                0x00009d18       0x38 .\ARM_GCC_493\Debug\PSoC_2_Pi.a(GPIO_12_0.o)
                0x00009d18                GPIO_12_0_SetDriveMode
 .text.GPIO_12_0_Read
                0x00009d50       0x20 .\ARM_GCC_493\Debug\PSoC_2_Pi.a(GPIO_12_0.o)
                0x00009d50                GPIO_12_0_Read
 .text.GPIO_2_5_Write
                0x00009d70       0x3c .\ARM_GCC_493\Debug\PSoC_2_Pi.a(GPIO_2_5.o)
                0x00009d70                GPIO_2_5_Write
 .text.GPIO_2_5_SetDriveMode
                0x00009dac       0x38 .\ARM_GCC_493\Debug\PSoC_2_Pi.a(GPIO_2_5.o)
                0x00009dac                GPIO_2_5_SetDriveMode
 .text.GPIO_2_5_Read
                0x00009de4       0x20 .\ARM_GCC_493\Debug\PSoC_2_Pi.a(GPIO_2_5.o)
                0x00009de4                GPIO_2_5_Read
 .text.GPIO_12_2_Write
                0x00009e04       0x3c .\ARM_GCC_493\Debug\PSoC_2_Pi.a(GPIO_12_2.o)
                0x00009e04                GPIO_12_2_Write
 .text.GPIO_12_2_SetDriveMode
                0x00009e40       0x38 .\ARM_GCC_493\Debug\PSoC_2_Pi.a(GPIO_12_2.o)
                0x00009e40                GPIO_12_2_SetDriveMode
 .text.GPIO_12_2_Read
                0x00009e78       0x20 .\ARM_GCC_493\Debug\PSoC_2_Pi.a(GPIO_12_2.o)
                0x00009e78                GPIO_12_2_Read
 .text.GPIO_2_0_Write
                0x00009e98       0x38 .\ARM_GCC_493\Debug\PSoC_2_Pi.a(GPIO_2_0.o)
                0x00009e98                GPIO_2_0_Write
 .text.GPIO_2_0_SetDriveMode
                0x00009ed0       0x38 .\ARM_GCC_493\Debug\PSoC_2_Pi.a(GPIO_2_0.o)
                0x00009ed0                GPIO_2_0_SetDriveMode
 .text.GPIO_2_0_Read
                0x00009f08       0x20 .\ARM_GCC_493\Debug\PSoC_2_Pi.a(GPIO_2_0.o)
                0x00009f08                GPIO_2_0_Read
 .text.GPIO_2_4_Write
                0x00009f28       0x3c .\ARM_GCC_493\Debug\PSoC_2_Pi.a(GPIO_2_4.o)
                0x00009f28                GPIO_2_4_Write
 .text.GPIO_2_4_SetDriveMode
                0x00009f64       0x38 .\ARM_GCC_493\Debug\PSoC_2_Pi.a(GPIO_2_4.o)
                0x00009f64                GPIO_2_4_SetDriveMode
 .text.GPIO_2_4_Read
                0x00009f9c       0x20 .\ARM_GCC_493\Debug\PSoC_2_Pi.a(GPIO_2_4.o)
                0x00009f9c                GPIO_2_4_Read
 .text.GPIO_2_3_Write
                0x00009fbc       0x3c .\ARM_GCC_493\Debug\PSoC_2_Pi.a(GPIO_2_3.o)
                0x00009fbc                GPIO_2_3_Write
 .text.GPIO_2_3_SetDriveMode
                0x00009ff8       0x38 .\ARM_GCC_493\Debug\PSoC_2_Pi.a(GPIO_2_3.o)
                0x00009ff8                GPIO_2_3_SetDriveMode
 .text.GPIO_2_3_Read
                0x0000a030       0x20 .\ARM_GCC_493\Debug\PSoC_2_Pi.a(GPIO_2_3.o)
                0x0000a030                GPIO_2_3_Read
 .text.GPIO_12_3_Write
                0x0000a050       0x3c .\ARM_GCC_493\Debug\PSoC_2_Pi.a(GPIO_12_3.o)
                0x0000a050                GPIO_12_3_Write
 .text.GPIO_12_3_SetDriveMode
                0x0000a08c       0x38 .\ARM_GCC_493\Debug\PSoC_2_Pi.a(GPIO_12_3.o)
                0x0000a08c                GPIO_12_3_SetDriveMode
 .text.GPIO_12_3_Read
                0x0000a0c4       0x20 .\ARM_GCC_493\Debug\PSoC_2_Pi.a(GPIO_12_3.o)
                0x0000a0c4                GPIO_12_3_Read
 .text.GPIO_12_4_Write
                0x0000a0e4       0x3c .\ARM_GCC_493\Debug\PSoC_2_Pi.a(GPIO_12_4.o)
                0x0000a0e4                GPIO_12_4_Write
 .text.GPIO_12_4_SetDriveMode
                0x0000a120       0x38 .\ARM_GCC_493\Debug\PSoC_2_Pi.a(GPIO_12_4.o)
                0x0000a120                GPIO_12_4_SetDriveMode
 .text.GPIO_12_4_Read
                0x0000a158       0x20 .\ARM_GCC_493\Debug\PSoC_2_Pi.a(GPIO_12_4.o)
                0x0000a158                GPIO_12_4_Read
 .text.GPIO_5_0_Write
                0x0000a178       0x38 .\ARM_GCC_493\Debug\PSoC_2_Pi.a(GPIO_5_0.o)
                0x0000a178                GPIO_5_0_Write
 .text.GPIO_5_0_SetDriveMode
                0x0000a1b0       0x38 .\ARM_GCC_493\Debug\PSoC_2_Pi.a(GPIO_5_0.o)
                0x0000a1b0                GPIO_5_0_SetDriveMode
 .text.GPIO_5_0_Read
                0x0000a1e8       0x20 .\ARM_GCC_493\Debug\PSoC_2_Pi.a(GPIO_5_0.o)
                0x0000a1e8                GPIO_5_0_Read
 .text.GPIO_12_5_Write
                0x0000a208       0x3c .\ARM_GCC_493\Debug\PSoC_2_Pi.a(GPIO_12_5.o)
                0x0000a208                GPIO_12_5_Write
 .text.GPIO_12_5_SetDriveMode
                0x0000a244       0x38 .\ARM_GCC_493\Debug\PSoC_2_Pi.a(GPIO_12_5.o)
                0x0000a244                GPIO_12_5_SetDriveMode
 .text.GPIO_12_5_Read
                0x0000a27c       0x20 .\ARM_GCC_493\Debug\PSoC_2_Pi.a(GPIO_12_5.o)
                0x0000a27c                GPIO_12_5_Read
 .text.USBUART_Start
                0x0000a29c       0x38 .\ARM_GCC_493\Debug\PSoC_2_Pi.a(USBUART.o)
                0x0000a29c                USBUART_Start
 .text.USBUART_Init
                0x0000a2d4      0x18c .\ARM_GCC_493\Debug\PSoC_2_Pi.a(USBUART.o)
                0x0000a2d4                USBUART_Init
 .text.USBUART_InitComponent
                0x0000a460       0xd8 .\ARM_GCC_493\Debug\PSoC_2_Pi.a(USBUART.o)
                0x0000a460                USBUART_InitComponent
 .text.USBUART_ReInitComponent
                0x0000a538       0x68 .\ARM_GCC_493\Debug\PSoC_2_Pi.a(USBUART.o)
                0x0000a538                USBUART_ReInitComponent
 .text.USBUART_GetConfiguration
                0x0000a5a0       0x18 .\ARM_GCC_493\Debug\PSoC_2_Pi.a(USBUART.o)
                0x0000a5a0                USBUART_GetConfiguration
 .text.USBUART_GetEPCount
                0x0000a5b8       0x6c .\ARM_GCC_493\Debug\PSoC_2_Pi.a(USBUART.o)
                0x0000a5b8                USBUART_GetEPCount
 .text.USBUART_LoadInEP
                0x0000a624      0x108 .\ARM_GCC_493\Debug\PSoC_2_Pi.a(USBUART.o)
                0x0000a624                USBUART_LoadInEP
 .text.USBUART_ReadOutEP
                0x0000a72c       0x8c .\ARM_GCC_493\Debug\PSoC_2_Pi.a(USBUART.o)
                0x0000a72c                USBUART_ReadOutEP
 .text.USBUART_EnableOutEP
                0x0000a7b8       0x60 .\ARM_GCC_493\Debug\PSoC_2_Pi.a(USBUART.o)
                0x0000a7b8                USBUART_EnableOutEP
 .text.USBUART_DispatchCDCClassRqst
                0x0000a818       0xcc .\ARM_GCC_493\Debug\PSoC_2_Pi.a(USBUART_cdc.o)
                0x0000a818                USBUART_DispatchCDCClassRqst
 .text.USBUART_CDC_Init
                0x0000a8e4       0x20 .\ARM_GCC_493\Debug\PSoC_2_Pi.a(USBUART_cdc.o)
                0x0000a8e4                USBUART_CDC_Init
 .text.USBUART_PutData
                0x0000a904       0x6c .\ARM_GCC_493\Debug\PSoC_2_Pi.a(USBUART_cdc.o)
                0x0000a904                USBUART_PutData
 .text.USBUART_DataIsReady
                0x0000a970       0x30 .\ARM_GCC_493\Debug\PSoC_2_Pi.a(USBUART_cdc.o)
                0x0000a970                USBUART_DataIsReady
 .text.USBUART_GetAll
                0x0000a9a0       0x44 .\ARM_GCC_493\Debug\PSoC_2_Pi.a(USBUART_cdc.o)
                0x0000a9a0                USBUART_GetAll
 .text.USBUART_EP_0_ISR
                0x0000a9e4       0xf8 .\ARM_GCC_493\Debug\PSoC_2_Pi.a(USBUART_drv.o)
                0x0000a9e4                USBUART_EP_0_ISR
 .text.USBUART_HandleSetup
                0x0000aadc       0x88 .\ARM_GCC_493\Debug\PSoC_2_Pi.a(USBUART_drv.o)
                0x0000aadc                USBUART_HandleSetup
 .text.USBUART_HandleIN
                0x0000ab64       0x4c .\ARM_GCC_493\Debug\PSoC_2_Pi.a(USBUART_drv.o)
                0x0000ab64                USBUART_HandleIN
 .text.USBUART_HandleOUT
                0x0000abb0       0x58 .\ARM_GCC_493\Debug\PSoC_2_Pi.a(USBUART_drv.o)
                0x0000abb0                USBUART_HandleOUT
 .text.USBUART_LoadEP0
                0x0000ac08       0xd4 .\ARM_GCC_493\Debug\PSoC_2_Pi.a(USBUART_drv.o)
                0x0000ac08                USBUART_LoadEP0
 .text.USBUART_InitControlRead
                0x0000acdc       0x74 .\ARM_GCC_493\Debug\PSoC_2_Pi.a(USBUART_drv.o)
                0x0000acdc                USBUART_InitControlRead
 .text.USBUART_InitZeroLengthControlTransfer
                0x0000ad50       0x44 .\ARM_GCC_493\Debug\PSoC_2_Pi.a(USBUART_drv.o)
                0x0000ad50                USBUART_InitZeroLengthControlTransfer
 .text.USBUART_ControlReadDataStage
                0x0000ad94        0xc .\ARM_GCC_493\Debug\PSoC_2_Pi.a(USBUART_drv.o)
                0x0000ad94                USBUART_ControlReadDataStage
 .text.USBUART_ControlReadStatusStage
                0x0000ada0       0x40 .\ARM_GCC_493\Debug\PSoC_2_Pi.a(USBUART_drv.o)
                0x0000ada0                USBUART_ControlReadStatusStage
 .text.USBUART_InitControlWrite
                0x0000ade0       0x68 .\ARM_GCC_493\Debug\PSoC_2_Pi.a(USBUART_drv.o)
                0x0000ade0                USBUART_InitControlWrite
 .text.USBUART_ControlWriteDataStage
                0x0000ae48       0xb8 .\ARM_GCC_493\Debug\PSoC_2_Pi.a(USBUART_drv.o)
                0x0000ae48                USBUART_ControlWriteDataStage
 .text.USBUART_ControlWriteStatusStage
                0x0000af00       0x20 .\ARM_GCC_493\Debug\PSoC_2_Pi.a(USBUART_drv.o)
                0x0000af00                USBUART_ControlWriteStatusStage
 .text.USBUART_InitNoDataControlTransfer
                0x0000af20       0x38 .\ARM_GCC_493\Debug\PSoC_2_Pi.a(USBUART_drv.o)
                0x0000af20                USBUART_InitNoDataControlTransfer
 .text.USBUART_NoDataControlStatusStage
                0x0000af58       0x48 .\ARM_GCC_493\Debug\PSoC_2_Pi.a(USBUART_drv.o)
                0x0000af58                USBUART_NoDataControlStatusStage
 .text.USBUART_UpdateStatusBlock
                0x0000afa0       0x40 .\ARM_GCC_493\Debug\PSoC_2_Pi.a(USBUART_drv.o)
                0x0000afa0                USBUART_UpdateStatusBlock
 .text.USBUART_InitializeStatusBlock
                0x0000afe0       0x34 .\ARM_GCC_493\Debug\PSoC_2_Pi.a(USBUART_drv.o)
                0x0000afe0                USBUART_InitializeStatusBlock
 .text.USBUART_EP_1_ISR
                0x0000b014       0x54 .\ARM_GCC_493\Debug\PSoC_2_Pi.a(USBUART_episr.o)
                0x0000b014                USBUART_EP_1_ISR
 .text.USBUART_EP_2_ISR
                0x0000b068       0x54 .\ARM_GCC_493\Debug\PSoC_2_Pi.a(USBUART_episr.o)
                0x0000b068                USBUART_EP_2_ISR
 .text.USBUART_EP_3_ISR
                0x0000b0bc       0x5c .\ARM_GCC_493\Debug\PSoC_2_Pi.a(USBUART_episr.o)
                0x0000b0bc                USBUART_EP_3_ISR
 .text.USBUART_SOF_ISR
                0x0000b118        0xc .\ARM_GCC_493\Debug\PSoC_2_Pi.a(USBUART_episr.o)
                0x0000b118                USBUART_SOF_ISR
 .text.USBUART_BUS_RESET_ISR
                0x0000b124        0xc .\ARM_GCC_493\Debug\PSoC_2_Pi.a(USBUART_episr.o)
                0x0000b124                USBUART_BUS_RESET_ISR
 .text.USBUART_HandleStandardRqst
                0x0000b130      0x4a4 .\ARM_GCC_493\Debug\PSoC_2_Pi.a(USBUART_std.o)
                0x0000b130                USBUART_HandleStandardRqst
 .text.USBUART_ReadDieID
                0x0000b5d4       0x90 .\ARM_GCC_493\Debug\PSoC_2_Pi.a(USBUART_std.o)
                0x0000b5d4                USBUART_ReadDieID
 .text.USBUART_ConfigReg
                0x0000b664      0x180 .\ARM_GCC_493\Debug\PSoC_2_Pi.a(USBUART_std.o)
                0x0000b664                USBUART_ConfigReg
 .text.USBUART_Config
                0x0000b7e4      0x348 .\ARM_GCC_493\Debug\PSoC_2_Pi.a(USBUART_std.o)
                0x0000b7e4                USBUART_Config
 .text.USBUART_ConfigAltChanged
                0x0000bb2c      0x27c .\ARM_GCC_493\Debug\PSoC_2_Pi.a(USBUART_std.o)
                0x0000bb2c                USBUART_ConfigAltChanged
 .text.USBUART_GetConfigTablePtr
                0x0000bda8       0x54 .\ARM_GCC_493\Debug\PSoC_2_Pi.a(USBUART_std.o)
                0x0000bda8                USBUART_GetConfigTablePtr
 .text.USBUART_GetDeviceTablePtr
                0x0000bdfc       0x24 .\ARM_GCC_493\Debug\PSoC_2_Pi.a(USBUART_std.o)
                0x0000bdfc                USBUART_GetDeviceTablePtr
 .text.USBUART_GetInterfaceClassTablePtr
                0x0000be20       0x4c .\ARM_GCC_493\Debug\PSoC_2_Pi.a(USBUART_std.o)
                0x0000be20                USBUART_GetInterfaceClassTablePtr
 .text.USBUART_SetEndpointHalt
                0x0000be6c       0xe0 .\ARM_GCC_493\Debug\PSoC_2_Pi.a(USBUART_std.o)
                0x0000be6c                USBUART_SetEndpointHalt
 .text.USBUART_ClearEndpointHalt
                0x0000bf4c      0x144 .\ARM_GCC_493\Debug\PSoC_2_Pi.a(USBUART_std.o)
                0x0000bf4c                USBUART_ClearEndpointHalt
 .text.USBUART_ValidateAlternateSetting
                0x0000c090       0x78 .\ARM_GCC_493\Debug\PSoC_2_Pi.a(USBUART_std.o)
                0x0000c090                USBUART_ValidateAlternateSetting
 .text.USBUART_HandleVendorRqst
                0x0000c108       0x58 .\ARM_GCC_493\Debug\PSoC_2_Pi.a(USBUART_vnd.o)
                0x0000c108                USBUART_HandleVendorRqst
 .text.EEPROM_Enable
                0x0000c160        0xc .\ARM_GCC_493\Debug\PSoC_2_Pi.a(EEPROM.o)
                0x0000c160                EEPROM_Enable
 .text.EEPROM_Start
                0x0000c16c        0xc .\ARM_GCC_493\Debug\PSoC_2_Pi.a(EEPROM.o)
                0x0000c16c                EEPROM_Start
 .text.EEPROM_ByteWrite
                0x0000c178      0x104 .\ARM_GCC_493\Debug\PSoC_2_Pi.a(EEPROM.o)
                0x0000c178                EEPROM_ByteWrite
 .text.WaveDAC_clk_Start
                0x0000c27c       0x34 .\ARM_GCC_493\Debug\PSoC_2_Pi.a(WaveDAC_clk.o)
                0x0000c27c                WaveDAC_clk_Start
 .text.WaveDAC_clk_Stop
                0x0000c2b0       0x34 .\ARM_GCC_493\Debug\PSoC_2_Pi.a(WaveDAC_clk.o)
                0x0000c2b0                WaveDAC_clk_Stop
 .text.WaveDAC_clk_SetDividerRegister
                0x0000c2e4      0x160 .\ARM_GCC_493\Debug\PSoC_2_Pi.a(WaveDAC_clk.o)
                0x0000c2e4                WaveDAC_clk_SetDividerRegister
 .text.WaveDAC_clk_GetDividerRegister
                0x0000c444       0x18 .\ARM_GCC_493\Debug\PSoC_2_Pi.a(WaveDAC_clk.o)
                0x0000c444                WaveDAC_clk_GetDividerRegister
 .text.WaveDAC_clk_GetSourceRegister
                0x0000c45c       0x20 .\ARM_GCC_493\Debug\PSoC_2_Pi.a(WaveDAC_clk.o)
                0x0000c45c                WaveDAC_clk_GetSourceRegister
 .text.WaveDAC8_1_Init
                0x0000c47c       0x54 .\ARM_GCC_493\Debug\PSoC_2_Pi.a(WaveDAC8_1.o)
                0x0000c47c                WaveDAC8_1_Init
 .text.WaveDAC8_1_Enable
                0x0000c4d0       0x34 .\ARM_GCC_493\Debug\PSoC_2_Pi.a(WaveDAC8_1.o)
                0x0000c4d0                WaveDAC8_1_Enable
 .text.WaveDAC8_1_Start
                0x0000c504       0x20 .\ARM_GCC_493\Debug\PSoC_2_Pi.a(WaveDAC8_1.o)
                0x0000c504                WaveDAC8_1_Start
 .text.WaveDAC8_1_Stop
                0x0000c524       0x28 .\ARM_GCC_493\Debug\PSoC_2_Pi.a(WaveDAC8_1.o)
                0x0000c524                WaveDAC8_1_Stop
 .text.WaveDAC8_1_Wave1Setup
                0x0000c54c       0x70 .\ARM_GCC_493\Debug\PSoC_2_Pi.a(WaveDAC8_1.o)
                0x0000c54c                WaveDAC8_1_Wave1Setup
 .text.WaveDAC8_1_Wave2Setup
                0x0000c5bc       0x70 .\ARM_GCC_493\Debug\PSoC_2_Pi.a(WaveDAC8_1.o)
                0x0000c5bc                WaveDAC8_1_Wave2Setup
 .text.WaveDAC8_1_Sleep
                0x0000c62c       0x28 .\ARM_GCC_493\Debug\PSoC_2_Pi.a(WaveDAC8_1_PM.o)
                0x0000c62c                WaveDAC8_1_Sleep
 .text.WaveDAC8_1_Wakeup
                0x0000c654       0x1c .\ARM_GCC_493\Debug\PSoC_2_Pi.a(WaveDAC8_1_PM.o)
                0x0000c654                WaveDAC8_1_Wakeup
 .text.PWM_CLK_4_SetDividerRegister
                0x0000c670      0x160 .\ARM_GCC_493\Debug\PSoC_2_Pi.a(PWM_CLK_4.o)
                0x0000c670                PWM_CLK_4_SetDividerRegister
 .text.PWM_CLK_4_GetDividerRegister
                0x0000c7d0       0x18 .\ARM_GCC_493\Debug\PSoC_2_Pi.a(PWM_CLK_4.o)
                0x0000c7d0                PWM_CLK_4_GetDividerRegister
 .text.PWM_CLK_4_GetSourceRegister
                0x0000c7e8       0x20 .\ARM_GCC_493\Debug\PSoC_2_Pi.a(PWM_CLK_4.o)
                0x0000c7e8                PWM_CLK_4_GetSourceRegister
 .text.PWM_3_Start
                0x0000c808       0x20 .\ARM_GCC_493\Debug\PSoC_2_Pi.a(PWM_3.o)
                0x0000c808                PWM_3_Start
 .text.PWM_3_Init
                0x0000c828       0x98 .\ARM_GCC_493\Debug\PSoC_2_Pi.a(PWM_3.o)
                0x0000c828                PWM_3_Init
 .text.PWM_3_Enable
                0x0000c8c0       0x20 .\ARM_GCC_493\Debug\PSoC_2_Pi.a(PWM_3.o)
                0x0000c8c0                PWM_3_Enable
 .text.PWM_3_Stop
                0x0000c8e0       0x20 .\ARM_GCC_493\Debug\PSoC_2_Pi.a(PWM_3.o)
                0x0000c8e0                PWM_3_Stop
 .text.PWM_3_WriteCounter
                0x0000c900       0x20 .\ARM_GCC_493\Debug\PSoC_2_Pi.a(PWM_3.o)
                0x0000c900                PWM_3_WriteCounter
 .text.PWM_3_ReadCounter
                0x0000c920       0x20 .\ARM_GCC_493\Debug\PSoC_2_Pi.a(PWM_3.o)
                0x0000c920                PWM_3_ReadCounter
 .text.PWM_3_ClearFIFO
                0x0000c940       0x1c .\ARM_GCC_493\Debug\PSoC_2_Pi.a(PWM_3.o)
                0x0000c940                PWM_3_ClearFIFO
 .text.PWM_3_WritePeriod
                0x0000c95c       0x20 .\ARM_GCC_493\Debug\PSoC_2_Pi.a(PWM_3.o)
                0x0000c95c                PWM_3_WritePeriod
 .text.PWM_3_WriteCompare
                0x0000c97c       0x20 .\ARM_GCC_493\Debug\PSoC_2_Pi.a(PWM_3.o)
                0x0000c97c                PWM_3_WriteCompare
 .text.PWM_3_SetInterruptMode
                0x0000c99c       0x20 .\ARM_GCC_493\Debug\PSoC_2_Pi.a(PWM_3.o)
                0x0000c99c                PWM_3_SetInterruptMode
 .text.PWM_3_ReadStatusRegister
                0x0000c9bc       0x18 .\ARM_GCC_493\Debug\PSoC_2_Pi.a(PWM_3.o)
                0x0000c9bc                PWM_3_ReadStatusRegister
 .text.PWM_3_ReadControlRegister
                0x0000c9d4       0x20 .\ARM_GCC_493\Debug\PSoC_2_Pi.a(PWM_3.o)
                0x0000c9d4                PWM_3_ReadControlRegister
 .text.PWM_3_WriteControlRegister
                0x0000c9f4       0x20 .\ARM_GCC_493\Debug\PSoC_2_Pi.a(PWM_3.o)
                0x0000c9f4                PWM_3_WriteControlRegister
 .text.PWM_3_ReadCapture
                0x0000ca14       0x18 .\ARM_GCC_493\Debug\PSoC_2_Pi.a(PWM_3.o)
                0x0000ca14                PWM_3_ReadCapture
 .text.PWM_3_ReadCompare
                0x0000ca2c       0x18 .\ARM_GCC_493\Debug\PSoC_2_Pi.a(PWM_3.o)
                0x0000ca2c                PWM_3_ReadCompare
 .text.PWM_3_ReadPeriod
                0x0000ca44       0x18 .\ARM_GCC_493\Debug\PSoC_2_Pi.a(PWM_3.o)
                0x0000ca44                PWM_3_ReadPeriod
 .text.PWM_3_SaveConfig
                0x0000ca5c       0x3c .\ARM_GCC_493\Debug\PSoC_2_Pi.a(PWM_3_PM.o)
                0x0000ca5c                PWM_3_SaveConfig
 .text.PWM_3_RestoreConfig
                0x0000ca98       0x34 .\ARM_GCC_493\Debug\PSoC_2_Pi.a(PWM_3_PM.o)
                0x0000ca98                PWM_3_RestoreConfig
 .text.PWM_3_Sleep
                0x0000cacc       0x34 .\ARM_GCC_493\Debug\PSoC_2_Pi.a(PWM_3_PM.o)
                0x0000cacc                PWM_3_Sleep
 .text.PWM_3_Wakeup
                0x0000cb00       0x1c .\ARM_GCC_493\Debug\PSoC_2_Pi.a(PWM_3_PM.o)
                0x0000cb00                PWM_3_Wakeup
 .text.PWM_CLK_3_SetDividerRegister
                0x0000cb1c      0x160 .\ARM_GCC_493\Debug\PSoC_2_Pi.a(PWM_CLK_3.o)
                0x0000cb1c                PWM_CLK_3_SetDividerRegister
 .text.PWM_CLK_3_GetDividerRegister
                0x0000cc7c       0x18 .\ARM_GCC_493\Debug\PSoC_2_Pi.a(PWM_CLK_3.o)
                0x0000cc7c                PWM_CLK_3_GetDividerRegister
 .text.PWM_CLK_3_GetSourceRegister
                0x0000cc94       0x20 .\ARM_GCC_493\Debug\PSoC_2_Pi.a(PWM_CLK_3.o)
                0x0000cc94                PWM_CLK_3_GetSourceRegister
 .text.PWM_6_Start
                0x0000ccb4       0x20 .\ARM_GCC_493\Debug\PSoC_2_Pi.a(PWM_6.o)
                0x0000ccb4                PWM_6_Start
 .text.PWM_6_Init
                0x0000ccd4       0x98 .\ARM_GCC_493\Debug\PSoC_2_Pi.a(PWM_6.o)
                0x0000ccd4                PWM_6_Init
 .text.PWM_6_Enable
                0x0000cd6c       0x20 .\ARM_GCC_493\Debug\PSoC_2_Pi.a(PWM_6.o)
                0x0000cd6c                PWM_6_Enable
 .text.PWM_6_Stop
                0x0000cd8c       0x20 .\ARM_GCC_493\Debug\PSoC_2_Pi.a(PWM_6.o)
                0x0000cd8c                PWM_6_Stop
 .text.PWM_6_WriteCounter
                0x0000cdac       0x20 .\ARM_GCC_493\Debug\PSoC_2_Pi.a(PWM_6.o)
                0x0000cdac                PWM_6_WriteCounter
 .text.PWM_6_ReadCounter
                0x0000cdcc       0x20 .\ARM_GCC_493\Debug\PSoC_2_Pi.a(PWM_6.o)
                0x0000cdcc                PWM_6_ReadCounter
 .text.PWM_6_ClearFIFO
                0x0000cdec       0x1c .\ARM_GCC_493\Debug\PSoC_2_Pi.a(PWM_6.o)
                0x0000cdec                PWM_6_ClearFIFO
 .text.PWM_6_WritePeriod
                0x0000ce08       0x20 .\ARM_GCC_493\Debug\PSoC_2_Pi.a(PWM_6.o)
                0x0000ce08                PWM_6_WritePeriod
 .text.PWM_6_WriteCompare
                0x0000ce28       0x20 .\ARM_GCC_493\Debug\PSoC_2_Pi.a(PWM_6.o)
                0x0000ce28                PWM_6_WriteCompare
 .text.PWM_6_SetInterruptMode
                0x0000ce48       0x20 .\ARM_GCC_493\Debug\PSoC_2_Pi.a(PWM_6.o)
                0x0000ce48                PWM_6_SetInterruptMode
 .text.PWM_6_ReadStatusRegister
                0x0000ce68       0x18 .\ARM_GCC_493\Debug\PSoC_2_Pi.a(PWM_6.o)
                0x0000ce68                PWM_6_ReadStatusRegister
 .text.PWM_6_ReadControlRegister
                0x0000ce80       0x20 .\ARM_GCC_493\Debug\PSoC_2_Pi.a(PWM_6.o)
                0x0000ce80                PWM_6_ReadControlRegister
 .text.PWM_6_WriteControlRegister
                0x0000cea0       0x20 .\ARM_GCC_493\Debug\PSoC_2_Pi.a(PWM_6.o)
                0x0000cea0                PWM_6_WriteControlRegister
 .text.PWM_6_ReadCapture
                0x0000cec0       0x18 .\ARM_GCC_493\Debug\PSoC_2_Pi.a(PWM_6.o)
                0x0000cec0                PWM_6_ReadCapture
 .text.PWM_6_ReadCompare
                0x0000ced8       0x18 .\ARM_GCC_493\Debug\PSoC_2_Pi.a(PWM_6.o)
                0x0000ced8                PWM_6_ReadCompare
 .text.PWM_6_ReadPeriod
                0x0000cef0       0x18 .\ARM_GCC_493\Debug\PSoC_2_Pi.a(PWM_6.o)
                0x0000cef0                PWM_6_ReadPeriod
 .text.PWM_6_SaveConfig
                0x0000cf08       0x3c .\ARM_GCC_493\Debug\PSoC_2_Pi.a(PWM_6_PM.o)
                0x0000cf08                PWM_6_SaveConfig
 .text.PWM_6_RestoreConfig
                0x0000cf44       0x34 .\ARM_GCC_493\Debug\PSoC_2_Pi.a(PWM_6_PM.o)
                0x0000cf44                PWM_6_RestoreConfig
 .text.PWM_6_Sleep
                0x0000cf78       0x34 .\ARM_GCC_493\Debug\PSoC_2_Pi.a(PWM_6_PM.o)
                0x0000cf78                PWM_6_Sleep
 .text.PWM_6_Wakeup
                0x0000cfac       0x1c .\ARM_GCC_493\Debug\PSoC_2_Pi.a(PWM_6_PM.o)
                0x0000cfac                PWM_6_Wakeup
 .text.PWM_5_Start
                0x0000cfc8       0x20 .\ARM_GCC_493\Debug\PSoC_2_Pi.a(PWM_5.o)
                0x0000cfc8                PWM_5_Start
 .text.PWM_5_Init
                0x0000cfe8       0x94 .\ARM_GCC_493\Debug\PSoC_2_Pi.a(PWM_5.o)
                0x0000cfe8                PWM_5_Init
 .text.PWM_5_Enable
                0x0000d07c       0x20 .\ARM_GCC_493\Debug\PSoC_2_Pi.a(PWM_5.o)
                0x0000d07c                PWM_5_Enable
 .text.PWM_5_Stop
                0x0000d09c       0x20 .\ARM_GCC_493\Debug\PSoC_2_Pi.a(PWM_5.o)
                0x0000d09c                PWM_5_Stop
 .text.PWM_5_WriteCounter
                0x0000d0bc       0x20 .\ARM_GCC_493\Debug\PSoC_2_Pi.a(PWM_5.o)
                0x0000d0bc                PWM_5_WriteCounter
 .text.PWM_5_ReadCounter
                0x0000d0dc       0x20 .\ARM_GCC_493\Debug\PSoC_2_Pi.a(PWM_5.o)
                0x0000d0dc                PWM_5_ReadCounter
 .text.PWM_5_ClearFIFO
                0x0000d0fc       0x1c .\ARM_GCC_493\Debug\PSoC_2_Pi.a(PWM_5.o)
                0x0000d0fc                PWM_5_ClearFIFO
 .text.PWM_5_WritePeriod
                0x0000d118       0x20 .\ARM_GCC_493\Debug\PSoC_2_Pi.a(PWM_5.o)
                0x0000d118                PWM_5_WritePeriod
 .text.PWM_5_WriteCompare
                0x0000d138       0x20 .\ARM_GCC_493\Debug\PSoC_2_Pi.a(PWM_5.o)
                0x0000d138                PWM_5_WriteCompare
 .text.PWM_5_SetInterruptMode
                0x0000d158       0x20 .\ARM_GCC_493\Debug\PSoC_2_Pi.a(PWM_5.o)
                0x0000d158                PWM_5_SetInterruptMode
 .text.PWM_5_ReadStatusRegister
                0x0000d178       0x18 .\ARM_GCC_493\Debug\PSoC_2_Pi.a(PWM_5.o)
                0x0000d178                PWM_5_ReadStatusRegister
 .text.PWM_5_ReadControlRegister
                0x0000d190       0x20 .\ARM_GCC_493\Debug\PSoC_2_Pi.a(PWM_5.o)
                0x0000d190                PWM_5_ReadControlRegister
 .text.PWM_5_WriteControlRegister
                0x0000d1b0       0x20 .\ARM_GCC_493\Debug\PSoC_2_Pi.a(PWM_5.o)
                0x0000d1b0                PWM_5_WriteControlRegister
 .text.PWM_5_ReadCapture
                0x0000d1d0       0x18 .\ARM_GCC_493\Debug\PSoC_2_Pi.a(PWM_5.o)
                0x0000d1d0                PWM_5_ReadCapture
 .text.PWM_5_ReadCompare
                0x0000d1e8       0x18 .\ARM_GCC_493\Debug\PSoC_2_Pi.a(PWM_5.o)
                0x0000d1e8                PWM_5_ReadCompare
 .text.PWM_5_ReadPeriod
                0x0000d200       0x18 .\ARM_GCC_493\Debug\PSoC_2_Pi.a(PWM_5.o)
                0x0000d200                PWM_5_ReadPeriod
 .text.PWM_5_SaveConfig
                0x0000d218       0x3c .\ARM_GCC_493\Debug\PSoC_2_Pi.a(PWM_5_PM.o)
                0x0000d218                PWM_5_SaveConfig
 .text.PWM_5_RestoreConfig
                0x0000d254       0x34 .\ARM_GCC_493\Debug\PSoC_2_Pi.a(PWM_5_PM.o)
                0x0000d254                PWM_5_RestoreConfig
 .text.PWM_5_Sleep
                0x0000d288       0x34 .\ARM_GCC_493\Debug\PSoC_2_Pi.a(PWM_5_PM.o)
                0x0000d288                PWM_5_Sleep
 .text.PWM_5_Wakeup
                0x0000d2bc       0x1c .\ARM_GCC_493\Debug\PSoC_2_Pi.a(PWM_5_PM.o)
                0x0000d2bc                PWM_5_Wakeup
 .text.PWM_CLK_2_SetDividerRegister
                0x0000d2d8      0x160 .\ARM_GCC_493\Debug\PSoC_2_Pi.a(PWM_CLK_2.o)
                0x0000d2d8                PWM_CLK_2_SetDividerRegister
 .text.PWM_CLK_2_GetDividerRegister
                0x0000d438       0x18 .\ARM_GCC_493\Debug\PSoC_2_Pi.a(PWM_CLK_2.o)
                0x0000d438                PWM_CLK_2_GetDividerRegister
 .text.PWM_CLK_2_GetSourceRegister
                0x0000d450       0x20 .\ARM_GCC_493\Debug\PSoC_2_Pi.a(PWM_CLK_2.o)
                0x0000d450                PWM_CLK_2_GetSourceRegister
 .text.PWM_4_Start
                0x0000d470       0x20 .\ARM_GCC_493\Debug\PSoC_2_Pi.a(PWM_4.o)
                0x0000d470                PWM_4_Start
 .text.PWM_4_Init
                0x0000d490       0x98 .\ARM_GCC_493\Debug\PSoC_2_Pi.a(PWM_4.o)
                0x0000d490                PWM_4_Init
 .text.PWM_4_Enable
                0x0000d528       0x20 .\ARM_GCC_493\Debug\PSoC_2_Pi.a(PWM_4.o)
                0x0000d528                PWM_4_Enable
 .text.PWM_4_Stop
                0x0000d548       0x20 .\ARM_GCC_493\Debug\PSoC_2_Pi.a(PWM_4.o)
                0x0000d548                PWM_4_Stop
 .text.PWM_4_WriteCounter
                0x0000d568       0x20 .\ARM_GCC_493\Debug\PSoC_2_Pi.a(PWM_4.o)
                0x0000d568                PWM_4_WriteCounter
 .text.PWM_4_ReadCounter
                0x0000d588       0x20 .\ARM_GCC_493\Debug\PSoC_2_Pi.a(PWM_4.o)
                0x0000d588                PWM_4_ReadCounter
 .text.PWM_4_ClearFIFO
                0x0000d5a8       0x1c .\ARM_GCC_493\Debug\PSoC_2_Pi.a(PWM_4.o)
                0x0000d5a8                PWM_4_ClearFIFO
 .text.PWM_4_WritePeriod
                0x0000d5c4       0x20 .\ARM_GCC_493\Debug\PSoC_2_Pi.a(PWM_4.o)
                0x0000d5c4                PWM_4_WritePeriod
 .text.PWM_4_WriteCompare
                0x0000d5e4       0x20 .\ARM_GCC_493\Debug\PSoC_2_Pi.a(PWM_4.o)
                0x0000d5e4                PWM_4_WriteCompare
 .text.PWM_4_SetInterruptMode
                0x0000d604       0x20 .\ARM_GCC_493\Debug\PSoC_2_Pi.a(PWM_4.o)
                0x0000d604                PWM_4_SetInterruptMode
 .text.PWM_4_ReadStatusRegister
                0x0000d624       0x18 .\ARM_GCC_493\Debug\PSoC_2_Pi.a(PWM_4.o)
                0x0000d624                PWM_4_ReadStatusRegister
 .text.PWM_4_ReadControlRegister
                0x0000d63c       0x20 .\ARM_GCC_493\Debug\PSoC_2_Pi.a(PWM_4.o)
                0x0000d63c                PWM_4_ReadControlRegister
 .text.PWM_4_WriteControlRegister
                0x0000d65c       0x20 .\ARM_GCC_493\Debug\PSoC_2_Pi.a(PWM_4.o)
                0x0000d65c                PWM_4_WriteControlRegister
 .text.PWM_4_ReadCapture
                0x0000d67c       0x18 .\ARM_GCC_493\Debug\PSoC_2_Pi.a(PWM_4.o)
                0x0000d67c                PWM_4_ReadCapture
 .text.PWM_4_ReadCompare
                0x0000d694       0x18 .\ARM_GCC_493\Debug\PSoC_2_Pi.a(PWM_4.o)
                0x0000d694                PWM_4_ReadCompare
 .text.PWM_4_ReadPeriod
                0x0000d6ac       0x18 .\ARM_GCC_493\Debug\PSoC_2_Pi.a(PWM_4.o)
                0x0000d6ac                PWM_4_ReadPeriod
 .text.PWM_4_SaveConfig
                0x0000d6c4       0x3c .\ARM_GCC_493\Debug\PSoC_2_Pi.a(PWM_4_PM.o)
                0x0000d6c4                PWM_4_SaveConfig
 .text.PWM_4_RestoreConfig
                0x0000d700       0x34 .\ARM_GCC_493\Debug\PSoC_2_Pi.a(PWM_4_PM.o)
                0x0000d700                PWM_4_RestoreConfig
 .text.PWM_4_Sleep
                0x0000d734       0x34 .\ARM_GCC_493\Debug\PSoC_2_Pi.a(PWM_4_PM.o)
                0x0000d734                PWM_4_Sleep
 .text.PWM_4_Wakeup
                0x0000d768       0x1c .\ARM_GCC_493\Debug\PSoC_2_Pi.a(PWM_4_PM.o)
                0x0000d768                PWM_4_Wakeup
 .text.GPIO_5_6_Write
                0x0000d784       0x3c .\ARM_GCC_493\Debug\PSoC_2_Pi.a(GPIO_5_6.o)
                0x0000d784                GPIO_5_6_Write
 .text.GPIO_5_6_SetDriveMode
                0x0000d7c0       0x38 .\ARM_GCC_493\Debug\PSoC_2_Pi.a(GPIO_5_6.o)
                0x0000d7c0                GPIO_5_6_SetDriveMode
 .text.GPIO_5_6_Read
                0x0000d7f8       0x20 .\ARM_GCC_493\Debug\PSoC_2_Pi.a(GPIO_5_6.o)
                0x0000d7f8                GPIO_5_6_Read
 .text.GPIO_5_7_Write
                0x0000d818       0x34 .\ARM_GCC_493\Debug\PSoC_2_Pi.a(GPIO_5_7.o)
                0x0000d818                GPIO_5_7_Write
 .text.GPIO_5_7_SetDriveMode
                0x0000d84c       0x38 .\ARM_GCC_493\Debug\PSoC_2_Pi.a(GPIO_5_7.o)
                0x0000d84c                GPIO_5_7_SetDriveMode
 .text.GPIO_5_7_Read
                0x0000d884       0x1c .\ARM_GCC_493\Debug\PSoC_2_Pi.a(GPIO_5_7.o)
                0x0000d884                GPIO_5_7_Read
 .text.StripLights_Start
                0x0000d8a0       0x78 .\ARM_GCC_493\Debug\PSoC_2_Pi.a(StripLights.o)
                0x0000d8a0                StripLights_Start
 .text.StripLights_Trigger
                0x0000d918       0xa8 .\ARM_GCC_493\Debug\PSoC_2_Pi.a(StripLights.o)
                0x0000d918                StripLights_Trigger
 .text.StripLights_Ready
                0x0000d9c0       0x2c .\ARM_GCC_493\Debug\PSoC_2_Pi.a(StripLights.o)
                0x0000d9c0                StripLights_Ready
 .text.StripLights_Stop
                0x0000d9ec       0x18 .\ARM_GCC_493\Debug\PSoC_2_Pi.a(StripLights.o)
                0x0000d9ec                StripLights_Stop
 .text.StripLights_ISR
                0x0000da04      0x100 .\ARM_GCC_493\Debug\PSoC_2_Pi.a(StripLights.o)
                0x0000da04                StripLights_ISR
 .text.StripLights_MemClear
                0x0000db04       0x68 .\ARM_GCC_493\Debug\PSoC_2_Pi.a(StripLights.o)
                0x0000db04                StripLights_MemClear
 .text.StripLights_Pixel
                0x0000db6c       0x48 .\ARM_GCC_493\Debug\PSoC_2_Pi.a(StripLights.o)
                0x0000db6c                StripLights_Pixel
 .text.StripLights_Dim
                0x0000dbb4       0x94 .\ARM_GCC_493\Debug\PSoC_2_Pi.a(StripLights.o)
                0x0000dbb4                StripLights_Dim
 .text.StripLights_SetFont
                0x0000dc48       0x60 .\ARM_GCC_493\Debug\PSoC_2_Pi.a(StripLights_fonts.o)
                0x0000dc48                StripLights_SetFont
 .text.ADC_SAR_Seq_1_TempBufDmaInit
                0x0000dca8       0x58 .\ARM_GCC_493\Debug\PSoC_2_Pi.a(ADC_SAR_Seq_1.o)
 .text.ADC_SAR_Seq_1_TempBufDmaRelease
                0x0000dd00       0x74 .\ARM_GCC_493\Debug\PSoC_2_Pi.a(ADC_SAR_Seq_1.o)
 .text.ADC_SAR_Seq_1_FinalBufDmaInit
                0x0000dd74       0x5c .\ARM_GCC_493\Debug\PSoC_2_Pi.a(ADC_SAR_Seq_1.o)
 .text.ADC_SAR_Seq_1_FinalBufDmaRelease
                0x0000ddd0       0x74 .\ARM_GCC_493\Debug\PSoC_2_Pi.a(ADC_SAR_Seq_1.o)
 .text.ADC_SAR_Seq_1_Disable
                0x0000de44       0x58 .\ARM_GCC_493\Debug\PSoC_2_Pi.a(ADC_SAR_Seq_1.o)
                0x0000de44                ADC_SAR_Seq_1_Disable
 .text.ADC_SAR_Seq_1_Init
                0x0000de9c       0x50 .\ARM_GCC_493\Debug\PSoC_2_Pi.a(ADC_SAR_Seq_1.o)
                0x0000de9c                ADC_SAR_Seq_1_Init
 .text.ADC_SAR_Seq_1_Enable
                0x0000deec       0x88 .\ARM_GCC_493\Debug\PSoC_2_Pi.a(ADC_SAR_Seq_1.o)
                0x0000deec                ADC_SAR_Seq_1_Enable
 .text.ADC_SAR_Seq_1_Start
                0x0000df74       0x2c .\ARM_GCC_493\Debug\PSoC_2_Pi.a(ADC_SAR_Seq_1.o)
                0x0000df74                ADC_SAR_Seq_1_Start
 .text.ADC_SAR_Seq_1_Stop
                0x0000dfa0       0x10 .\ARM_GCC_493\Debug\PSoC_2_Pi.a(ADC_SAR_Seq_1.o)
                0x0000dfa0                ADC_SAR_Seq_1_Stop
 .text.ADC_SAR_Seq_1_StartConvert
                0x0000dfb0        0xc .\ARM_GCC_493\Debug\PSoC_2_Pi.a(ADC_SAR_Seq_1.o)
                0x0000dfb0                ADC_SAR_Seq_1_StartConvert
 .text.ADC_SAR_Seq_1_StopConvert
                0x0000dfbc        0xc .\ARM_GCC_493\Debug\PSoC_2_Pi.a(ADC_SAR_Seq_1.o)
                0x0000dfbc                ADC_SAR_Seq_1_StopConvert
 .text.ADC_SAR_Seq_1_IsEndConversion
                0x0000dfc8       0x30 .\ARM_GCC_493\Debug\PSoC_2_Pi.a(ADC_SAR_Seq_1.o)
                0x0000dfc8                ADC_SAR_Seq_1_IsEndConversion
 .text.ADC_SAR_Seq_1_GetResult16
                0x0000dff8       0x3c .\ARM_GCC_493\Debug\PSoC_2_Pi.a(ADC_SAR_Seq_1.o)
                0x0000dff8                ADC_SAR_Seq_1_GetResult16
 .text.ADC_SAR_Seq_1_SetOffset
                0x0000e034       0x1c .\ARM_GCC_493\Debug\PSoC_2_Pi.a(ADC_SAR_Seq_1.o)
                0x0000e034                ADC_SAR_Seq_1_SetOffset
 .text.ADC_SAR_Seq_1_SetResolution
                0x0000e050       0x18 .\ARM_GCC_493\Debug\PSoC_2_Pi.a(ADC_SAR_Seq_1.o)
                0x0000e050                ADC_SAR_Seq_1_SetResolution
 .text.ADC_SAR_Seq_1_CountsTo_uVolts
                0x0000e068       0x20 .\ARM_GCC_493\Debug\PSoC_2_Pi.a(ADC_SAR_Seq_1.o)
                0x0000e068                ADC_SAR_Seq_1_CountsTo_uVolts
 .text.ADC_SAR_Seq_1_ISR
                0x0000e088        0xc .\ARM_GCC_493\Debug\PSoC_2_Pi.a(ADC_SAR_Seq_1_INT.o)
                0x0000e088                ADC_SAR_Seq_1_ISR
 .text.Timer_Init
                0x0000e094       0x9c .\ARM_GCC_493\Debug\PSoC_2_Pi.a(Timer.o)
                0x0000e094                Timer_Init
 .text.Timer_Enable
                0x0000e130       0x48 .\ARM_GCC_493\Debug\PSoC_2_Pi.a(Timer.o)
                0x0000e130                Timer_Enable
 .text.Timer_Start
                0x0000e178       0x20 .\ARM_GCC_493\Debug\PSoC_2_Pi.a(Timer.o)
                0x0000e178                Timer_Start
 .text.Timer_Stop
                0x0000e198       0x48 .\ARM_GCC_493\Debug\PSoC_2_Pi.a(Timer.o)
                0x0000e198                Timer_Stop
 .text.Timer_SetInterruptMode
                0x0000e1e0       0x20 .\ARM_GCC_493\Debug\PSoC_2_Pi.a(Timer.o)
                0x0000e1e0                Timer_SetInterruptMode
 .text.Timer_ReadStatusRegister
                0x0000e200       0x18 .\ARM_GCC_493\Debug\PSoC_2_Pi.a(Timer.o)
                0x0000e200                Timer_ReadStatusRegister
 .text.Timer_ReadPeriod
                0x0000e218       0x18 .\ARM_GCC_493\Debug\PSoC_2_Pi.a(Timer.o)
                0x0000e218                Timer_ReadPeriod
 .text.Timer_WritePeriod
                0x0000e230       0x24 .\ARM_GCC_493\Debug\PSoC_2_Pi.a(Timer.o)
                0x0000e230                Timer_WritePeriod
 .text.Timer_WriteCounter
                0x0000e254       0x20 .\ARM_GCC_493\Debug\PSoC_2_Pi.a(Timer.o)
                0x0000e254                Timer_WriteCounter
 .text.Timer_ReadCounter
                0x0000e274       0x20 .\ARM_GCC_493\Debug\PSoC_2_Pi.a(Timer.o)
                0x0000e274                Timer_ReadCounter
 .text.TIMER_REG_Write
                0x0000e294       0x20 .\ARM_GCC_493\Debug\PSoC_2_Pi.a(TIMER_REG.o)
                0x0000e294                TIMER_REG_Write
 .text.GPIO_12_1_Write
                0x0000e2b4       0x3c .\ARM_GCC_493\Debug\PSoC_2_Pi.a(GPIO_12_1.o)
                0x0000e2b4                GPIO_12_1_Write
 .text.GPIO_12_1_SetDriveMode
                0x0000e2f0       0x38 .\ARM_GCC_493\Debug\PSoC_2_Pi.a(GPIO_12_1.o)
                0x0000e2f0                GPIO_12_1_SetDriveMode
 .text.GPIO_12_1_Read
                0x0000e328       0x20 .\ARM_GCC_493\Debug\PSoC_2_Pi.a(GPIO_12_1.o)
                0x0000e328                GPIO_12_1_Read
 .text.PWM_8_Start
                0x0000e348       0x20 .\ARM_GCC_493\Debug\PSoC_2_Pi.a(PWM_8.o)
                0x0000e348                PWM_8_Start
 .text.PWM_8_Init
                0x0000e368       0x94 .\ARM_GCC_493\Debug\PSoC_2_Pi.a(PWM_8.o)
                0x0000e368                PWM_8_Init
 .text.PWM_8_Enable
                0x0000e3fc       0x20 .\ARM_GCC_493\Debug\PSoC_2_Pi.a(PWM_8.o)
                0x0000e3fc                PWM_8_Enable
 .text.PWM_8_Stop
                0x0000e41c       0x20 .\ARM_GCC_493\Debug\PSoC_2_Pi.a(PWM_8.o)
                0x0000e41c                PWM_8_Stop
 .text.PWM_8_WriteCounter
                0x0000e43c       0x20 .\ARM_GCC_493\Debug\PSoC_2_Pi.a(PWM_8.o)
                0x0000e43c                PWM_8_WriteCounter
 .text.PWM_8_ReadCounter
                0x0000e45c       0x20 .\ARM_GCC_493\Debug\PSoC_2_Pi.a(PWM_8.o)
                0x0000e45c                PWM_8_ReadCounter
 .text.PWM_8_ClearFIFO
                0x0000e47c       0x1c .\ARM_GCC_493\Debug\PSoC_2_Pi.a(PWM_8.o)
                0x0000e47c                PWM_8_ClearFIFO
 .text.PWM_8_WritePeriod
                0x0000e498       0x20 .\ARM_GCC_493\Debug\PSoC_2_Pi.a(PWM_8.o)
                0x0000e498                PWM_8_WritePeriod
 .text.PWM_8_WriteCompare
                0x0000e4b8       0x20 .\ARM_GCC_493\Debug\PSoC_2_Pi.a(PWM_8.o)
                0x0000e4b8                PWM_8_WriteCompare
 .text.PWM_8_SetInterruptMode
                0x0000e4d8       0x20 .\ARM_GCC_493\Debug\PSoC_2_Pi.a(PWM_8.o)
                0x0000e4d8                PWM_8_SetInterruptMode
 .text.PWM_8_ReadStatusRegister
                0x0000e4f8       0x18 .\ARM_GCC_493\Debug\PSoC_2_Pi.a(PWM_8.o)
                0x0000e4f8                PWM_8_ReadStatusRegister
 .text.PWM_8_ReadControlRegister
                0x0000e510       0x20 .\ARM_GCC_493\Debug\PSoC_2_Pi.a(PWM_8.o)
                0x0000e510                PWM_8_ReadControlRegister
 .text.PWM_8_WriteControlRegister
                0x0000e530       0x20 .\ARM_GCC_493\Debug\PSoC_2_Pi.a(PWM_8.o)
                0x0000e530                PWM_8_WriteControlRegister
 .text.PWM_8_ReadCapture
                0x0000e550       0x18 .\ARM_GCC_493\Debug\PSoC_2_Pi.a(PWM_8.o)
                0x0000e550                PWM_8_ReadCapture
 .text.PWM_8_ReadCompare
                0x0000e568       0x18 .\ARM_GCC_493\Debug\PSoC_2_Pi.a(PWM_8.o)
                0x0000e568                PWM_8_ReadCompare
 .text.PWM_8_ReadPeriod
                0x0000e580       0x18 .\ARM_GCC_493\Debug\PSoC_2_Pi.a(PWM_8.o)
                0x0000e580                PWM_8_ReadPeriod
 .text.PWM_8_SaveConfig
                0x0000e598       0x3c .\ARM_GCC_493\Debug\PSoC_2_Pi.a(PWM_8_PM.o)
                0x0000e598                PWM_8_SaveConfig
 .text.PWM_8_RestoreConfig
                0x0000e5d4       0x34 .\ARM_GCC_493\Debug\PSoC_2_Pi.a(PWM_8_PM.o)
                0x0000e5d4                PWM_8_RestoreConfig
 .text.PWM_8_Sleep
                0x0000e608       0x34 .\ARM_GCC_493\Debug\PSoC_2_Pi.a(PWM_8_PM.o)
                0x0000e608                PWM_8_Sleep
 .text.PWM_8_Wakeup
                0x0000e63c       0x1c .\ARM_GCC_493\Debug\PSoC_2_Pi.a(PWM_8_PM.o)
                0x0000e63c                PWM_8_Wakeup
 .text.CapSense_1_CompCH0_Init
                0x0000e658       0x64 .\ARM_GCC_493\Debug\PSoC_2_Pi.a(CapSense_1_CompCH0.o)
                0x0000e658                CapSense_1_CompCH0_Init
 .text.CapSense_1_CompCH0_Enable
                0x0000e6bc       0x34 .\ARM_GCC_493\Debug\PSoC_2_Pi.a(CapSense_1_CompCH0.o)
                0x0000e6bc                CapSense_1_CompCH0_Enable
 .text.CapSense_1_CompCH0_Stop
                0x0000e6f0       0x34 .\ARM_GCC_493\Debug\PSoC_2_Pi.a(CapSense_1_CompCH0.o)
                0x0000e6f0                CapSense_1_CompCH0_Stop
 .text.CapSense_1_CompCH0_SetSpeed
                0x0000e724       0x80 .\ARM_GCC_493\Debug\PSoC_2_Pi.a(CapSense_1_CompCH0.o)
                0x0000e724                CapSense_1_CompCH0_SetSpeed
 .text.CapSense_1_IdacCH0_Init
                0x0000e7a4       0x44 .\ARM_GCC_493\Debug\PSoC_2_Pi.a(CapSense_1_IdacCH0.o)
                0x0000e7a4                CapSense_1_IdacCH0_Init
 .text.CapSense_1_IdacCH0_Enable
                0x0000e7e8       0x34 .\ARM_GCC_493\Debug\PSoC_2_Pi.a(CapSense_1_IdacCH0.o)
                0x0000e7e8                CapSense_1_IdacCH0_Enable
 .text.CapSense_1_IdacCH0_Stop
                0x0000e81c       0x34 .\ARM_GCC_493\Debug\PSoC_2_Pi.a(CapSense_1_IdacCH0.o)
                0x0000e81c                CapSense_1_IdacCH0_Stop
 .text.CapSense_1_IdacCH0_SetSpeed
                0x0000e850       0x40 .\ARM_GCC_493\Debug\PSoC_2_Pi.a(CapSense_1_IdacCH0.o)
                0x0000e850                CapSense_1_IdacCH0_SetSpeed
 .text.CapSense_1_IdacCH0_SetPolarity
                0x0000e890       0x40 .\ARM_GCC_493\Debug\PSoC_2_Pi.a(CapSense_1_IdacCH0.o)
                0x0000e890                CapSense_1_IdacCH0_SetPolarity
 .text.CapSense_1_IdacCH0_SetRange
                0x0000e8d0       0x40 .\ARM_GCC_493\Debug\PSoC_2_Pi.a(CapSense_1_IdacCH0.o)
                0x0000e8d0                CapSense_1_IdacCH0_SetRange
 .text.CapSense_1_IdacCH0_SetValue
                0x0000e910       0x20 .\ARM_GCC_493\Debug\PSoC_2_Pi.a(CapSense_1_IdacCH0.o)
                0x0000e910                CapSense_1_IdacCH0_SetValue
 .text.CapSense_1_IdacCH0_DacTrim
                0x0000e930       0x54 .\ARM_GCC_493\Debug\PSoC_2_Pi.a(CapSense_1_IdacCH0.o)
                0x0000e930                CapSense_1_IdacCH0_DacTrim
 .text.CapSense_1_AMuxCH0_Init
                0x0000e984        0xc .\ARM_GCC_493\Debug\PSoC_2_Pi.a(CapSense_1_AMuxCH0.o)
                0x0000e984                CapSense_1_AMuxCH0_Init
 .text.CapSense_1_AMuxCH0_DisconnectAll
                0x0000e990       0x28 .\ARM_GCC_493\Debug\PSoC_2_Pi.a(CapSense_1_AMuxCH0.o)
                0x0000e990                CapSense_1_AMuxCH0_DisconnectAll
 .text.CapSense_1_IntClock_Start
                0x0000e9b8       0x34 .\ARM_GCC_493\Debug\PSoC_2_Pi.a(CapSense_1_IntClock.o)
                0x0000e9b8                CapSense_1_IntClock_Start
 .text.CapSense_1_IntClock_Stop
                0x0000e9ec       0x34 .\ARM_GCC_493\Debug\PSoC_2_Pi.a(CapSense_1_IntClock.o)
                0x0000e9ec                CapSense_1_IntClock_Stop
 .text.WaveDAC8_1_Wave1_DMA_DmaInitialize
                0x0000ea20       0x68 .\ARM_GCC_493\Debug\PSoC_2_Pi.a(WaveDAC8_1_Wave1_DMA_dma.o)
                0x0000ea20                WaveDAC8_1_Wave1_DMA_DmaInitialize
 .text.WaveDAC8_1_Wave2_DMA_DmaInitialize
                0x0000ea88       0x68 .\ARM_GCC_493\Debug\PSoC_2_Pi.a(WaveDAC8_1_Wave2_DMA_dma.o)
                0x0000ea88                WaveDAC8_1_Wave2_DMA_DmaInitialize
 .text.WaveDAC8_1_VDAC8_Init
                0x0000eaf0       0x3c .\ARM_GCC_493\Debug\PSoC_2_Pi.a(WaveDAC8_1_VDAC8.o)
                0x0000eaf0                WaveDAC8_1_VDAC8_Init
 .text.WaveDAC8_1_VDAC8_Enable
                0x0000eb2c       0x34 .\ARM_GCC_493\Debug\PSoC_2_Pi.a(WaveDAC8_1_VDAC8.o)
                0x0000eb2c                WaveDAC8_1_VDAC8_Enable
 .text.WaveDAC8_1_VDAC8_Stop
                0x0000eb60       0x34 .\ARM_GCC_493\Debug\PSoC_2_Pi.a(WaveDAC8_1_VDAC8.o)
                0x0000eb60                WaveDAC8_1_VDAC8_Stop
 .text.WaveDAC8_1_VDAC8_SetSpeed
                0x0000eb94       0x40 .\ARM_GCC_493\Debug\PSoC_2_Pi.a(WaveDAC8_1_VDAC8.o)
                0x0000eb94                WaveDAC8_1_VDAC8_SetSpeed
 .text.WaveDAC8_1_VDAC8_SetRange
                0x0000ebd4       0x40 .\ARM_GCC_493\Debug\PSoC_2_Pi.a(WaveDAC8_1_VDAC8.o)
                0x0000ebd4                WaveDAC8_1_VDAC8_SetRange
 .text.WaveDAC8_1_VDAC8_SetValue
                0x0000ec14       0x20 .\ARM_GCC_493\Debug\PSoC_2_Pi.a(WaveDAC8_1_VDAC8.o)
                0x0000ec14                WaveDAC8_1_VDAC8_SetValue
 .text.WaveDAC8_1_VDAC8_DacTrim
                0x0000ec34       0x3c .\ARM_GCC_493\Debug\PSoC_2_Pi.a(WaveDAC8_1_VDAC8.o)
                0x0000ec34                WaveDAC8_1_VDAC8_DacTrim
 .text.WaveDAC8_1_VDAC8_SaveConfig
                0x0000ec70       0x30 .\ARM_GCC_493\Debug\PSoC_2_Pi.a(WaveDAC8_1_VDAC8_PM.o)
                0x0000ec70                WaveDAC8_1_VDAC8_SaveConfig
 .text.WaveDAC8_1_VDAC8_RestoreConfig
                0x0000eca0       0x6c .\ARM_GCC_493\Debug\PSoC_2_Pi.a(WaveDAC8_1_VDAC8_PM.o)
                0x0000eca0                WaveDAC8_1_VDAC8_RestoreConfig
 .text.WaveDAC8_1_BuffAmp_Init
                0x0000ed0c        0xc .\ARM_GCC_493\Debug\PSoC_2_Pi.a(WaveDAC8_1_BuffAmp.o)
                0x0000ed0c                WaveDAC8_1_BuffAmp_Init
 .text.WaveDAC8_1_BuffAmp_Enable
                0x0000ed18       0x48 .\ARM_GCC_493\Debug\PSoC_2_Pi.a(WaveDAC8_1_BuffAmp.o)
                0x0000ed18                WaveDAC8_1_BuffAmp_Enable
 .text.WaveDAC8_1_BuffAmp_SetPower
                0x0000ed60       0x40 .\ARM_GCC_493\Debug\PSoC_2_Pi.a(WaveDAC8_1_BuffAmp.o)
                0x0000ed60                WaveDAC8_1_BuffAmp_SetPower
 .text.StripLights_isr_StartEx
                0x0000eda0       0x24 .\ARM_GCC_493\Debug\PSoC_2_Pi.a(StripLights_isr.o)
                0x0000eda0                StripLights_isr_StartEx
 .text.StripLights_isr_SetVector
                0x0000edc4       0x24 .\ARM_GCC_493\Debug\PSoC_2_Pi.a(StripLights_isr.o)
                0x0000edc4                StripLights_isr_SetVector
 .text.StripLights_isr_SetPriority
                0x0000ede8       0x24 .\ARM_GCC_493\Debug\PSoC_2_Pi.a(StripLights_isr.o)
                0x0000ede8                StripLights_isr_SetPriority
 .text.StripLights_isr_Enable
                0x0000ee0c       0x18 .\ARM_GCC_493\Debug\PSoC_2_Pi.a(StripLights_isr.o)
                0x0000ee0c                StripLights_isr_Enable
 .text.StripLights_isr_Disable
                0x0000ee24       0x18 .\ARM_GCC_493\Debug\PSoC_2_Pi.a(StripLights_isr.o)
                0x0000ee24                StripLights_isr_Disable
 .text.ADC_SAR_Seq_1_SAR_Start
                0x0000ee3c       0x20 .\ARM_GCC_493\Debug\PSoC_2_Pi.a(ADC_SAR_Seq_1_SAR.o)
                0x0000ee3c                ADC_SAR_Seq_1_SAR_Start
 .text.ADC_SAR_Seq_1_SAR_Init
                0x0000ee5c       0x2c .\ARM_GCC_493\Debug\PSoC_2_Pi.a(ADC_SAR_Seq_1_SAR.o)
                0x0000ee5c                ADC_SAR_Seq_1_SAR_Init
 .text.ADC_SAR_Seq_1_SAR_Enable
                0x0000ee88       0xc0 .\ARM_GCC_493\Debug\PSoC_2_Pi.a(ADC_SAR_Seq_1_SAR.o)
                0x0000ee88                ADC_SAR_Seq_1_SAR_Enable
 .text.ADC_SAR_Seq_1_SAR_Stop
                0x0000ef48       0x58 .\ARM_GCC_493\Debug\PSoC_2_Pi.a(ADC_SAR_Seq_1_SAR.o)
                0x0000ef48                ADC_SAR_Seq_1_SAR_Stop
 .text.ADC_SAR_Seq_1_SAR_SetResolution
                0x0000efa0       0x50 .\ARM_GCC_493\Debug\PSoC_2_Pi.a(ADC_SAR_Seq_1_SAR.o)
                0x0000efa0                ADC_SAR_Seq_1_SAR_SetResolution
 .text.ADC_SAR_Seq_1_SAR_StartConvert
                0x0000eff0       0x20 .\ARM_GCC_493\Debug\PSoC_2_Pi.a(ADC_SAR_Seq_1_SAR.o)
                0x0000eff0                ADC_SAR_Seq_1_SAR_StartConvert
 .text.ADC_SAR_Seq_1_SAR_StopConvert
                0x0000f010       0x20 .\ARM_GCC_493\Debug\PSoC_2_Pi.a(ADC_SAR_Seq_1_SAR.o)
                0x0000f010                ADC_SAR_Seq_1_SAR_StopConvert
 .text.ADC_SAR_Seq_1_SAR_SetOffset
                0x0000f030       0x20 .\ARM_GCC_493\Debug\PSoC_2_Pi.a(ADC_SAR_Seq_1_SAR.o)
                0x0000f030                ADC_SAR_Seq_1_SAR_SetOffset
 .text.ADC_SAR_Seq_1_SAR_CalcGain
                0x0000f050       0x80 .\ARM_GCC_493\Debug\PSoC_2_Pi.a(ADC_SAR_Seq_1_SAR.o)
 .text.ADC_SAR_Seq_1_SAR_CountsTo_uVolts
                0x0000f0d0       0x94 .\ARM_GCC_493\Debug\PSoC_2_Pi.a(ADC_SAR_Seq_1_SAR.o)
                0x0000f0d0                ADC_SAR_Seq_1_SAR_CountsTo_uVolts
 .text.ADC_SAR_Seq_1_TempBuf_DmaInitialize
                0x0000f164       0x68 .\ARM_GCC_493\Debug\PSoC_2_Pi.a(ADC_SAR_Seq_1_TempBuf_dma.o)
                0x0000f164                ADC_SAR_Seq_1_TempBuf_DmaInitialize
 .text.ADC_SAR_Seq_1_FinalBuf_DmaInitialize
                0x0000f1cc       0x68 .\ARM_GCC_493\Debug\PSoC_2_Pi.a(ADC_SAR_Seq_1_FinalBuf_dma.o)
                0x0000f1cc                ADC_SAR_Seq_1_FinalBuf_DmaInitialize
 .text.ADC_SAR_Seq_1_IRQ_SetVector
                0x0000f234       0x24 .\ARM_GCC_493\Debug\PSoC_2_Pi.a(ADC_SAR_Seq_1_IRQ.o)
                0x0000f234                ADC_SAR_Seq_1_IRQ_SetVector
 .text.ADC_SAR_Seq_1_IRQ_SetPriority
                0x0000f258       0x24 .\ARM_GCC_493\Debug\PSoC_2_Pi.a(ADC_SAR_Seq_1_IRQ.o)
                0x0000f258                ADC_SAR_Seq_1_IRQ_SetPriority
 *fill*         0x0000f27c        0x4 
 .text          0x0000f280       0x20 .\ARM_GCC_493\Debug\PSoC_2_Pi.a(CyBootAsmGnu.o)
                0x0000f280                CyDelayCycles
                0x0000f290                CyEnterCriticalSection
                0x0000f298                CyExitCriticalSection
 .text.CyDmacConfigure
                0x0000f2a0       0x5c .\ARM_GCC_493\Debug\PSoC_2_Pi.a(CyDmac.o)
                0x0000f2a0                CyDmacConfigure
 .text.CyDmaChEnable
                0x0000f2fc       0x8c .\ARM_GCC_493\Debug\PSoC_2_Pi.a(CyDmac.o)
                0x0000f2fc                CyDmaChEnable
 .text.CyDmaChDisable
                0x0000f388       0x64 .\ARM_GCC_493\Debug\PSoC_2_Pi.a(CyDmac.o)
                0x0000f388                CyDmaChDisable
 .text.CyDmaChPriority
                0x0000f3ec       0x60 .\ARM_GCC_493\Debug\PSoC_2_Pi.a(CyDmac.o)
                0x0000f3ec                CyDmaChPriority
 .text.CyDmaChSetExtendedAddress
                0x0000f44c       0x7c .\ARM_GCC_493\Debug\PSoC_2_Pi.a(CyDmac.o)
                0x0000f44c                CyDmaChSetExtendedAddress
 .text.CyDmaChSetInitialTd
                0x0000f4c8       0x3c .\ARM_GCC_493\Debug\PSoC_2_Pi.a(CyDmac.o)
                0x0000f4c8                CyDmaChSetInitialTd
 .text.CyDmaChSetRequest
                0x0000f504       0x58 .\ARM_GCC_493\Debug\PSoC_2_Pi.a(CyDmac.o)
                0x0000f504                CyDmaChSetRequest
 .text.CyDmaChSetConfiguration
                0x0000f55c       0xa0 .\ARM_GCC_493\Debug\PSoC_2_Pi.a(CyDmac.o)
                0x0000f55c                CyDmaChSetConfiguration
 .text.CyDmaTdAllocate
                0x0000f5fc       0x5c .\ARM_GCC_493\Debug\PSoC_2_Pi.a(CyDmac.o)
                0x0000f5fc                CyDmaTdAllocate
 .text.CyDmaTdFree
                0x0000f658       0x54 .\ARM_GCC_493\Debug\PSoC_2_Pi.a(CyDmac.o)
                0x0000f658                CyDmaTdFree
 .text.CyDmaTdSetConfiguration
                0x0000f6ac       0x80 .\ARM_GCC_493\Debug\PSoC_2_Pi.a(CyDmac.o)
                0x0000f6ac                CyDmaTdSetConfiguration
 .text.CyDmaTdSetAddress
                0x0000f72c       0x5c .\ARM_GCC_493\Debug\PSoC_2_Pi.a(CyDmac.o)
                0x0000f72c                CyDmaTdSetAddress
 .text.CyEEPROM_Start
                0x0000f788       0x8c .\ARM_GCC_493\Debug\PSoC_2_Pi.a(CyFlash.o)
                0x0000f788                CyEEPROM_Start
 .text.CyHalt   0x0000f814       0x18 .\ARM_GCC_493\Debug\PSoC_2_Pi.a(CyLib.o)
                0x0000f814                CyHalt
 .text.CySoftwareReset
                0x0000f82c       0x20 .\ARM_GCC_493\Debug\PSoC_2_Pi.a(CyLib.o)
                0x0000f82c                CySoftwareReset
 .text.CyDelayUs
                0x0000f84c       0x24 .\ARM_GCC_493\Debug\PSoC_2_Pi.a(CyLib.o)
                0x0000f84c                CyDelayUs
 .text.CyIntSetVector
                0x0000f870       0x50 .\ARM_GCC_493\Debug\PSoC_2_Pi.a(CyLib.o)
                0x0000f870                CyIntSetVector
 .text.CyIntSetPriority
                0x0000f8c0       0x44 .\ARM_GCC_493\Debug\PSoC_2_Pi.a(CyLib.o)
                0x0000f8c0                CyIntSetPriority
 .text.CySpcStart
                0x0000f904       0x44 .\ARM_GCC_493\Debug\PSoC_2_Pi.a(CySpc.o)
                0x0000f904                CySpcStart
 .text.CySpcLoadMultiByte
                0x0000f948       0xd4 .\ARM_GCC_493\Debug\PSoC_2_Pi.a(CySpc.o)
                0x0000f948                CySpcLoadMultiByte
 .text.CySpcWriteRow
                0x0000fa1c       0x98 .\ARM_GCC_493\Debug\PSoC_2_Pi.a(CySpc.o)
                0x0000fa1c                CySpcWriteRow
 .text.CySpcLock
                0x0000fab4       0x68 .\ARM_GCC_493\Debug\PSoC_2_Pi.a(CySpc.o)
                0x0000fab4                CySpcLock
 .text.CySpcUnlock
                0x0000fb1c       0x50 .\ARM_GCC_493\Debug\PSoC_2_Pi.a(CySpc.o)
                0x0000fb1c                CySpcUnlock
 .text.USBUART_DispatchClassRqst
                0x0000fb6c       0x8c .\ARM_GCC_493\Debug\PSoC_2_Pi.a(USBUART_cls.o)
                0x0000fb6c                USBUART_DispatchClassRqst
 .text          0x0000fbf8      0x370 c:/program files (x86)/cypress/psoc creator/3.3/psoc creator/import/gnu/arm/4.9.3/bin/../lib/gcc/arm-none-eabi/4.9.3/armv7-m\libgcc.a(_arm_addsubdf3.o)
                0x0000fbf8                __aeabi_drsub
                0x0000fc00                __aeabi_dsub
                0x0000fc00                __subdf3
                0x0000fc04                __aeabi_dadd
                0x0000fc04                __adddf3
                0x0000fe7c                __floatunsidf
                0x0000fe7c                __aeabi_ui2d
                0x0000fe9c                __floatsidf
                0x0000fe9c                __aeabi_i2d
                0x0000fec0                __aeabi_f2d
                0x0000fec0                __extendsfdf2
                0x0000fefc                __floatundidf
                0x0000fefc                __aeabi_ul2d
                0x0000ff0c                __floatdidf
                0x0000ff0c                __aeabi_l2d
 .text          0x0000ff68      0x424 c:/program files (x86)/cypress/psoc creator/3.3/psoc creator/import/gnu/arm/4.9.3/bin/../lib/gcc/arm-none-eabi/4.9.3/armv7-m\libgcc.a(_arm_muldivdf3.o)
                0x0000ff68                __aeabi_dmul
                0x0000ff68                __muldf3
                0x000101bc                __divdf3
                0x000101bc                __aeabi_ddiv
 .text          0x0001038c      0x110 c:/program files (x86)/cypress/psoc creator/3.3/psoc creator/import/gnu/arm/4.9.3/bin/../lib/gcc/arm-none-eabi/4.9.3/armv7-m\libgcc.a(_arm_cmpdf2.o)
                0x0001038c                __gtdf2
                0x0001038c                __gedf2
                0x00010394                __ltdf2
                0x00010394                __ledf2
                0x0001039c                __nedf2
                0x0001039c                __eqdf2